Archive member included to satisfy reference by file (symbol)

C:/ST/STM32CubeIDE_1.19.0/STM32CubeIDE/plugins/com.st.stm32cube.ide.mcu.externaltools.gnu-tools-for-stm32.13.3.rel1.win32_1.0.0.202411081344/tools/bin/../lib/gcc/arm-none-eabi/13.3.1/../../../../arm-none-eabi/lib/thumb/v7e-m+fp/hard\libc_nano.a(libc_a-exit.o)
                              C:/ST/STM32CubeIDE_1.19.0/STM32CubeIDE/plugins/com.st.stm32cube.ide.mcu.externaltools.gnu-tools-for-stm32.13.3.rel1.win32_1.0.0.202411081344/tools/bin/../lib/gcc/arm-none-eabi/13.3.1/../../../../arm-none-eabi/lib/thumb/v7e-m+fp/hard/crt0.o (exit)
C:/ST/STM32CubeIDE_1.19.0/STM32CubeIDE/plugins/com.st.stm32cube.ide.mcu.externaltools.gnu-tools-for-stm32.13.3.rel1.win32_1.0.0.202411081344/tools/bin/../lib/gcc/arm-none-eabi/13.3.1/../../../../arm-none-eabi/lib/thumb/v7e-m+fp/hard\libc_nano.a(libc_a-findfp.o)
                              C:/ST/STM32CubeIDE_1.19.0/STM32CubeIDE/plugins/com.st.stm32cube.ide.mcu.externaltools.gnu-tools-for-stm32.13.3.rel1.win32_1.0.0.202411081344/tools/bin/../lib/gcc/arm-none-eabi/13.3.1/../../../../arm-none-eabi/lib/thumb/v7e-m+fp/hard\libc_nano.a(libc_a-exit.o) (__stdio_exit_handler)
C:/ST/STM32CubeIDE_1.19.0/STM32CubeIDE/plugins/com.st.stm32cube.ide.mcu.externaltools.gnu-tools-for-stm32.13.3.rel1.win32_1.0.0.202411081344/tools/bin/../lib/gcc/arm-none-eabi/13.3.1/../../../../arm-none-eabi/lib/thumb/v7e-m+fp/hard\libc_nano.a(libc_a-fwalk.o)
                              C:/ST/STM32CubeIDE_1.19.0/STM32CubeIDE/plugins/com.st.stm32cube.ide.mcu.externaltools.gnu-tools-for-stm32.13.3.rel1.win32_1.0.0.202411081344/tools/bin/../lib/gcc/arm-none-eabi/13.3.1/../../../../arm-none-eabi/lib/thumb/v7e-m+fp/hard\libc_nano.a(libc_a-findfp.o) (_fwalk_sglue)
C:/ST/STM32CubeIDE_1.19.0/STM32CubeIDE/plugins/com.st.stm32cube.ide.mcu.externaltools.gnu-tools-for-stm32.13.3.rel1.win32_1.0.0.202411081344/tools/bin/../lib/gcc/arm-none-eabi/13.3.1/../../../../arm-none-eabi/lib/thumb/v7e-m+fp/hard\libc_nano.a(libc_a-puts.o)
                              ./Core/Src/eeprom_25lc256.o (puts)
C:/ST/STM32CubeIDE_1.19.0/STM32CubeIDE/plugins/com.st.stm32cube.ide.mcu.externaltools.gnu-tools-for-stm32.13.3.rel1.win32_1.0.0.202411081344/tools/bin/../lib/gcc/arm-none-eabi/13.3.1/../../../../arm-none-eabi/lib/thumb/v7e-m+fp/hard\libc_nano.a(libc_a-snprintf.o)
                              ./Core/Src/UART_task.o (snprintf)
C:/ST/STM32CubeIDE_1.19.0/STM32CubeIDE/plugins/com.st.stm32cube.ide.mcu.externaltools.gnu-tools-for-stm32.13.3.rel1.win32_1.0.0.202411081344/tools/bin/../lib/gcc/arm-none-eabi/13.3.1/../../../../arm-none-eabi/lib/thumb/v7e-m+fp/hard\libc_nano.a(libc_a-stdio.o)
                              C:/ST/STM32CubeIDE_1.19.0/STM32CubeIDE/plugins/com.st.stm32cube.ide.mcu.externaltools.gnu-tools-for-stm32.13.3.rel1.win32_1.0.0.202411081344/tools/bin/../lib/gcc/arm-none-eabi/13.3.1/../../../../arm-none-eabi/lib/thumb/v7e-m+fp/hard\libc_nano.a(libc_a-findfp.o) (__sread)
C:/ST/STM32CubeIDE_1.19.0/STM32CubeIDE/plugins/com.st.stm32cube.ide.mcu.externaltools.gnu-tools-for-stm32.13.3.rel1.win32_1.0.0.202411081344/tools/bin/../lib/gcc/arm-none-eabi/13.3.1/../../../../arm-none-eabi/lib/thumb/v7e-m+fp/hard\libc_nano.a(libc_a-wbuf.o)
                              C:/ST/STM32CubeIDE_1.19.0/STM32CubeIDE/plugins/com.st.stm32cube.ide.mcu.externaltools.gnu-tools-for-stm32.13.3.rel1.win32_1.0.0.202411081344/tools/bin/../lib/gcc/arm-none-eabi/13.3.1/../../../../arm-none-eabi/lib/thumb/v7e-m+fp/hard\libc_nano.a(libc_a-puts.o) (__swbuf_r)
C:/ST/STM32CubeIDE_1.19.0/STM32CubeIDE/plugins/com.st.stm32cube.ide.mcu.externaltools.gnu-tools-for-stm32.13.3.rel1.win32_1.0.0.202411081344/tools/bin/../lib/gcc/arm-none-eabi/13.3.1/../../../../arm-none-eabi/lib/thumb/v7e-m+fp/hard\libc_nano.a(libc_a-wsetup.o)
                              C:/ST/STM32CubeIDE_1.19.0/STM32CubeIDE/plugins/com.st.stm32cube.ide.mcu.externaltools.gnu-tools-for-stm32.13.3.rel1.win32_1.0.0.202411081344/tools/bin/../lib/gcc/arm-none-eabi/13.3.1/../../../../arm-none-eabi/lib/thumb/v7e-m+fp/hard\libc_nano.a(libc_a-puts.o) (__swsetup_r)
C:/ST/STM32CubeIDE_1.19.0/STM32CubeIDE/plugins/com.st.stm32cube.ide.mcu.externaltools.gnu-tools-for-stm32.13.3.rel1.win32_1.0.0.202411081344/tools/bin/../lib/gcc/arm-none-eabi/13.3.1/../../../../arm-none-eabi/lib/thumb/v7e-m+fp/hard\libc_nano.a(libc_a-memset.o)
                              C:/ST/STM32CubeIDE_1.19.0/STM32CubeIDE/plugins/com.st.stm32cube.ide.mcu.externaltools.gnu-tools-for-stm32.13.3.rel1.win32_1.0.0.202411081344/tools/bin/../lib/gcc/arm-none-eabi/13.3.1/../../../../arm-none-eabi/lib/thumb/v7e-m+fp/hard/crt0.o (memset)
C:/ST/STM32CubeIDE_1.19.0/STM32CubeIDE/plugins/com.st.stm32cube.ide.mcu.externaltools.gnu-tools-for-stm32.13.3.rel1.win32_1.0.0.202411081344/tools/bin/../lib/gcc/arm-none-eabi/13.3.1/../../../../arm-none-eabi/lib/thumb/v7e-m+fp/hard\libc_nano.a(libc_a-closer.o)
[...]
Memory Configuration

Name             Origin             Length             Attributes
RAM              0x20000000         0x00020000         xrw
FLASH            0x08000000         0x00080000         xr
*default*        0x00000000         0xffffffff

Linker script and memory map

LOAD C:/ST/STM32CubeIDE_1.19.0/STM32CubeIDE/plugins/com.st.stm32cube.ide.mcu.externaltools.gnu-tools-for-stm32.13.3.rel1.win32_1.0.0.202411081344/tools/bin/../lib/gcc/arm-none-eabi/13.3.1/thumb/v7e-m+fp/hard/crti.o
LOAD C:/ST/STM32CubeIDE_1.19.0/STM32CubeIDE/plugins/com.st.stm32cube.ide.mcu.externaltools.gnu-tools-for-stm32.13.3.rel1.win32_1.0.0.202411081344/tools/bin/../lib/gcc/arm-none-eabi/13.3.1/thumb/v7e-m+fp/hard/crtbegin.o
LOAD C:/ST/STM32CubeIDE_1.19.0/STM32CubeIDE/plugins/com.st.stm32cube.ide.mcu.externaltools.gnu-tools-for-stm32.13.3.rel1.win32_1.0.0.202411081344/tools/bin/../lib/gcc/arm-none-eabi/13.3.1/../../../../arm-none-eabi/lib/thumb/v7e-m+fp/hard/crt0.o
LOAD ./Core/Src/CAN_task.o
LOAD ./Core/Src/UART_task.o
LOAD ./Core/Src/eeprom_25lc256.o
LOAD ./Core/Src/freertos.o
LOAD ./Core/Src/main.o
LOAD ./Core/Src/pmic_mp5475.o
LOAD ./Core/Src/stm32f4xx_hal_msp.o
LOAD ./Core/Src/stm32f4xx_it.o
LOAD ./Core/Src/syscalls.o
LOAD ./Core/Src/sysmem.o
LOAD ./Core/Src/system_stm32f4xx.o
LOAD ./Core/Startup/startup_stm32f446retx.o
LOAD ./Drivers/STM32F4xx_HAL_Driver/Src/stm32f4xx_hal.o
LOAD ./Drivers/STM32F4xx_HAL_Driver/Src/stm32f4xx_hal_can.o
LOAD ./Drivers/STM32F4xx_HAL_Driver/Src/stm32f4xx_hal_cortex.o
LOAD ./Drivers/STM32F4xx_HAL_Driver/Src/stm32f4xx_hal_dma.o
LOAD ./Drivers/STM32F4xx_HAL_Driver/Src/stm32f4xx_hal_dma_ex.o
LOAD ./Drivers/STM32F4xx_HAL_Driver/Src/stm32f4xx_hal_exti.o
LOAD ./Drivers/STM32F4xx_HAL_Driver/Src/stm32f4xx_hal_flash.o
LOAD ./Drivers/STM32F4xx_HAL_Driver/Src/stm32f4xx_hal_flash_ex.o
LOAD ./Drivers/STM32F4xx_HAL_Driver/Src/stm32f4xx_hal_flash_ramfunc.o
LOAD ./Drivers/STM32F4xx_HAL_Driver/Src/stm32f4xx_hal_gpio.o
LOAD ./Drivers/STM32F4xx_HAL_Driver/Src/stm32f4xx_hal_i2c.o
LOAD ./Drivers/STM32F4xx_HAL_Driver/Src/stm32f4xx_hal_i2c_ex.o
LOAD ./Drivers/STM32F4xx_HAL_Driver/Src/stm32f4xx_hal_pwr.o
LOAD ./Drivers/STM32F4xx_HAL_Driver/Src/stm32f4xx_hal_pwr_ex.o
LOAD ./Drivers/STM32F4xx_HAL_Driver/Src/stm32f4xx_hal_rcc.o
LOAD ./Drivers/STM32F4xx_HAL_Driver/Src/stm32f4xx_hal_rcc_ex.o
LOAD ./Drivers/STM32F4xx_HAL_Driver/Src/stm32f4xx_hal_spi.o
LOAD ./Drivers/STM32F4xx_HAL_Driver/Src/stm32f4xx_hal_uart.o
LOAD ./Middlewares/Third_Party/FreeRTOS/Source/CMSIS_RTOS_V2/cmsis_os2.o
LOAD ./Middlewares/Third_Party/FreeRTOS/Source/croutine.o
LOAD ./Middlewares/Third_Party/FreeRTOS/Source/event_groups.o
LOAD ./Middlewares/Third_Party/FreeRTOS/Source/list.o
LOAD ./Middlewares/Third_Party/FreeRTOS/Source/queue.o
LOAD ./Middlewares/Third_Party/FreeRTOS/Source/stream_buffer.o
LOAD ./Middlewares/Third_Party/FreeRTOS/Source/tasks.o
LOAD ./Middlewares/Third_Party/FreeRTOS/Source/timers.o
LOAD ./Middlewares/Third_Party/FreeRTOS/Source/portable/GCC/ARM_CM4F/port.o
LOAD ./Middlewares/Third_Party/FreeRTOS/Source/portable/MemMang/heap_4.o
START GROUP
LOAD C:/ST/STM32CubeIDE_1.19.0/STM32CubeIDE/plugins/com.st.stm32cube.ide.mcu.externaltools.gnu-tools-for-stm32.13.3.rel1.win32_1.0.0.202411081344/tools/bin/../lib/gcc/arm-none-eabi/13.3.1/../../../../arm-none-eabi/lib/thumb/v7e-m+fp/hard\libc_nano.a
LOAD C:/ST/STM32CubeIDE_1.19.0/STM32CubeIDE/plugins/com.st.stm32cube.ide.mcu.externaltools.gnu-tools-for-stm32.13.3.rel1.win32_1.0.0.202411081344/tools/bin/../lib/gcc/arm-none-eabi/13.3.1/../../../../arm-none-eabi/lib/thumb/v7e-m+fp/hard\libm.a
END GROUP
START GROUP
LOAD C:/ST/STM32CubeIDE_1.19.0/STM32CubeIDE/plugins/com.st.stm32cube.ide.mcu.externaltools.gnu-tools-for-stm32.13.3.rel1.win32_1.0.0.202411081344/tools/bin/../lib/gcc/arm-none-eabi/13.3.1/thumb/v7e-m+fp/hard\libgcc.a
LOAD C:/ST/STM32CubeIDE_1.19.0/STM32CubeIDE/plugins/com.st.stm32cube.ide.mcu.externaltools.gnu-tools-for-stm32.13.3.rel1.win32_1.0.0.202411081344/tools/bin/../lib/gcc/arm-none-eabi/13.3.1/../../../../arm-none-eabi/lib/thumb/v7e-m+fp/hard\libc_nano.a
END GROUP
START GROUP
LOAD C:/ST/STM32CubeIDE_1.19.0/STM32CubeIDE/plugins/com.st.stm32cube.ide.mcu.externaltools.gnu-tools-for-stm32.13.3.rel1.win32_1.0.0.202411081344/tools/bin/../lib/gcc/arm-none-eabi/13.3.1/thumb/v7e-m+fp/hard\libgcc.a
LOAD C:/ST/STM32CubeIDE_1.19.0/STM32CubeIDE/plugins/com.st.stm32cube.ide.mcu.externaltools.gnu-tools-for-stm32.13.3.rel1.win32_1.0.0.202411081344/tools/bin/../lib/gcc/arm-none-eabi/13.3.1/../../../../arm-none-eabi/lib/thumb/v7e-m+fp/hard\libc_nano.a
LOAD C:/ST/STM32CubeIDE_1.19.0/STM32CubeIDE/plugins/com.st.stm32cube.ide.mcu.externaltools.gnu-tools-for-stm32.13.3.rel1.win32_1.0.0.202411081344/tools/bin/../lib/gcc/arm-none-eabi/13.3.1/../../../../arm-none-eabi/lib/thumb/v7e-m+fp/hard\libnosys.a
END GROUP
START GROUP
LOAD C:/ST/STM32CubeIDE_1.19.0/STM32CubeIDE/plugins/com.st.stm32cube.ide.mcu.externaltools.gnu-tools-for-stm32.13.3.rel1.win32_1.0.0.202411081344/tools/bin/../lib/gcc/arm-none-eabi/13.3.1/thumb/v7e-m+fp/hard\libgcc.a
LOAD C:/ST/STM32CubeIDE_1.19.0/STM32CubeIDE/plugins/com.st.stm32cube.ide.mcu.externaltools.gnu-tools-for-stm32.13.3.rel1.win32_1.0.0.202411081344/tools/bin/../lib/gcc/arm-none-eabi/13.3.1/../../../../arm-none-eabi/lib/thumb/v7e-m+fp/hard\libc_nano.a
LOAD C:/ST/STM32CubeIDE_1.19.0/STM32CubeIDE/plugins/com.st.stm32cube.ide.mcu.externaltools.gnu-tools-for-stm32.13.3.rel1.win32_1.0.0.202411081344/tools/bin/../lib/gcc/arm-none-eabi/13.3.1/../../../../arm-none-eabi/lib/thumb/v7e-m+fp/hard\libnosys.a
END GROUP
LOAD C:/ST/STM32CubeIDE_1.19.0/STM32CubeIDE/plugins/com.st.stm32cube.ide.mcu.externaltools.gnu-tools-for-stm32.13.3.rel1.win32_1.0.0.202411081344/tools/bin/../lib/gcc/arm-none-eabi/13.3.1/thumb/v7e-m+fp/hard/crtend.o
LOAD C:/ST/STM32CubeIDE_1.19.0/STM32CubeIDE/plugins/com.st.stm32cube.ide.mcu.externaltools.gnu-tools-for-stm32.13.3.rel1.win32_1.0.0.202411081344/tools/bin/../lib/gcc/arm-none-eabi/13.3.1/thumb/v7e-m+fp/hard/crtn.o
                0x20020000                        _estack = (ORIGIN (RAM) + LENGTH (RAM))
                0x00000200                        _Min_Heap_Size = 0x200
                0x00000400                        _Min_Stack_Size = 0x400

.isr_vector     0x08000000      0x1c4
                0x08000000                        . = ALIGN (0x4)
 *(.isr_vector)
 .isr_vector    0x08000000      0x1c4 ./Core/Startup/startup_stm32f446retx.o
                0x08000000                g_pfnVectors
                0x080001c4                        . = ALIGN (0x4)

.text           0x080001d0     0xa438
                0x080001d0                        . = ALIGN (0x4)
 *(.text)
 .text          0x080001d0       0x40 C:/ST/STM32CubeIDE_1.19.0/STM32CubeIDE/plugins/com.st.stm32cube.ide.mcu.externaltools.gnu-tools-for-stm32.13.3.rel1.win32_1.0.0.202411081344/tools/bin/../lib/gcc/arm-none-eabi/13.3.1/thumb/v7e-m+fp/hard/crtbegin.o
 .text          0x08000210       0x10 C:/ST/STM32CubeIDE_1.19.0/STM32CubeIDE/plugins/com.st.stm32cube.ide.mcu.externaltools.gnu-tools-for-stm32.13.3.rel1.win32_1.0.0.202411081344/tools/bin/../lib/gcc/arm-none-eabi/13.3.1/../../../../arm-none-eabi/lib/thumb/v7e-m+fp/hard\libc_nano.a(libc_a-strlen.o)
                0x08000210                strlen
 .text          0x08000220       0xa0 C:/ST/STM32CubeIDE_1.19.0/STM32CubeIDE/plugins/com.st.stm32cube.ide.mcu.externaltools.gnu-tools-for-stm32.13.3.rel1.win32_1.0.0.202411081344/tools/bin/../lib/gcc/arm-none-eabi/13.3.1/../../../../arm-none-eabi/lib/thumb/v7e-m+fp/hard\libc_nano.a(libc_a-memchr.o)
                0x08000220                memchr
 .text          0x080002c0       0x30 C:/ST/STM32CubeIDE_1.19.0/STM32CubeIDE/plugins/com.st.stm32cube.ide.mcu.externaltools.gnu-tools-for-stm32.13.3.rel1.win32_1.0.0.202411081344/tools/bin/../lib/gcc/arm-none-eabi/13.3.1/thumb/v7e-m+fp/hard\libgcc.a(_aeabi_uldivmod.o)
                0x080002c0                __aeabi_uldivmod
 .text          0x080002f0      0x2f8 C:/ST/STM32CubeIDE_1.19.0/STM32CubeIDE/plugins/com.st.stm32cube.ide.mcu.externaltools.gnu-tools-for-stm32.13.3.rel1.win32_1.0.0.202411081344/tools/bin/../lib/gcc/arm-none-eabi/13.3.1/thumb/v7e-m+fp/hard\libgcc.a(_udivmoddi4.o)
                0x080002f0                __udivmoddi4
 .text          0x080005e8        0x4 C:/ST/STM32CubeIDE_1.19.0/STM32CubeIDE/plugins/com.st.stm32cube.ide.mcu.externaltools.gnu-tools-for-stm32.13.3.rel1.win32_1.0.0.202411081344/tools/bin/../lib/gcc/arm-none-eabi/13.3.1/thumb/v7e-m+fp/hard\libgcc.a(_dvmd_tls.o)
                0x080005e8                __aeabi_idiv0
                0x080005e8                __aeabi_ldiv0
 *(.text*)
 .text.CAN_Init
                0x080005ec       0x1c ./Core/Src/CAN_task.o
                0x080005ec                CAN_Init
 .text.CAN_RxCallback
                0x08000608       0x38 ./Core/Src/CAN_task.o
                0x08000608                CAN_RxCallback
 .text.Process_CAN_Response
                0x08000640       0xa8 ./Core/Src/CAN_task.o
                0x08000640                Process_CAN_Response
 .text.CAN_StartTask
                0x080006e8       0x54 ./Core/Src/CAN_task.o
                0x080006e8                CAN_StartTask
 .text.UART_StartTask
                0x0800073c       0x74 ./Core/Src/UART_task.o
                0x0800073c                UART_StartTask
 .text.eeprom_cs_select
                0x080007b0       0x18 ./Core/Src/eeprom_25lc256.o
 .text.eeprom_cs_deselect
                0x080007c8       0x18 ./Core/Src/eeprom_25lc256.o
 .text.eeprom_write_bytes
                0x080007e0       0x94 ./Core/Src/eeprom_25lc256.o
 .text.eeprom_read_bytes
                0x08000874       0x58 ./Core/Src/eeprom_25lc256.o
 .text.EEPROM_WriteDTC
                0x080008cc       0x18 ./Core/Src/eeprom_25lc256.o
                0x080008cc                EEPROM_WriteDTC
 .text.EEPROM_ReadDTC
                0x080008e4       0x18 ./Core/Src/eeprom_25lc256.o
                0x080008e4                EEPROM_ReadDTC
 .text.EEPROM_LogNewDTC
                0x080008fc       0xd0 ./Core/Src/eeprom_25lc256.o
                0x080008fc                EEPROM_LogNewDTC
 .text.Deactivate_Motor_And_Valve
                0x080009cc        0xe ./Core/Src/main.o
                0x080009cc                Deactivate_Motor_And_Valve
 *fill*         0x080009da        0x2 
 .text.__io_putchar
                0x080009dc       0x24 ./Core/Src/main.o
                0x080009dc                __io_putchar
 .text.HAL_I2C_ErrorCallback
                0x08000a00       0x2c ./Core/Src/main.o
                0x08000a00                HAL_I2C_ErrorCallback
 .text.HAL_I2C_MemRxCpltCallback
                0x08000a2c       0x24 ./Core/Src/main.o
                0x08000a2c                HAL_I2C_MemRxCpltCallback
 .text.HAL_SPI_TxCpltCallback
                0x08000a50       0x2c ./Core/Src/main.o
                0x08000a50                HAL_SPI_TxCpltCallback
 .text.HAL_CAN_TxMailbox0CompleteCallback
                0x08000a7c       0x20 ./Core/Src/main.o
                0x08000a7c                HAL_CAN_TxMailbox0CompleteCallback
 .text.HAL_CAN_TxMailbox1CompleteCallback
                0x08000a9c       0x20 ./Core/Src/main.o
                0x08000a9c                HAL_CAN_TxMailbox1CompleteCallback
 .text.HAL_CAN_TxMailbox2CompleteCallback
                0x08000abc       0x20 ./Core/Src/main.o
                0x08000abc                HAL_CAN_TxMailbox2CompleteCallback
 .text.HAL_CAN_RxFifo0MsgPendingCallback
                0x08000adc       0x16 ./Core/Src/main.o
                0x08000adc                HAL_CAN_RxFifo0MsgPendingCallback
 *fill*         0x08000af2        0x2 
 .text.main     0x08000af4      0x26c ./Core/Src/main.o
                0x08000af4                main
 .text.SystemClock_Config
                0x08000d60       0xc0 ./Core/Src/main.o
                0x08000d60                SystemClock_Config
 .text.MX_CAN1_Init
                0x08000e20       0x68 ./Core/Src/main.o
 .text.MX_I2C1_Init
                0x08000e88       0x5c ./Core/Src/main.o
 .text.MX_SPI1_Init
                0x08000ee4       0x6c ./Core/Src/main.o
 .text.MX_USART2_UART_Init
                0x08000f50       0x54 ./Core/Src/main.o
 .text.MX_GPIO_Init
                0x08000fa4       0x50 ./Core/Src/main.o
 .text.I2cMonitorTask
                0x08000ff4       0x16 ./Core/Src/main.o
                0x08000ff4                I2cMonitorTask
 *fill*         0x0800100a        0x2 
 .text.SpiEepromTask
                0x0800100c       0x34 ./Core/Src/main.o
                0x0800100c                SpiEepromTask
 .text.DtcProcessingTask
                0x08001040       0x50 ./Core/Src/main.o
                0x08001040                DtcProcessingTask
 .text.BrakeControlTask
                0x08001090       0x70 ./Core/Src/main.o
                0x08001090                BrakeControlTask
 .text.StartDefaultTask
                0x08001100       0x10 ./Core/Src/main.o
                0x08001100                StartDefaultTask
 .text.Error_Handler
                0x08001110        0xc ./Core/Src/main.o
                0x08001110                Error_Handler
 .text.pmic_request_fault_read_dma
                0x0800111c       0x44 ./Core/Src/pmic_mp5475.o
                0x0800111c                pmic_request_fault_read_dma
 .text.pmic_i2c_dma_rx_callback_handler
                0x08001160       0xbc ./Core/Src/pmic_mp5475.o
                0x08001160                pmic_i2c_dma_rx_callback_handler
 .text.HAL_MspInit
                0x0800121c       0x58 ./Core/Src/stm32f4xx_hal_msp.o
                0x0800121c                HAL_MspInit
 .text.HAL_CAN_MspInit
                0x08001274       0xa0 ./Core/Src/stm32f4xx_hal_msp.o
                0x08001274                HAL_CAN_MspInit
 .text.HAL_I2C_MspInit
                0x08001314       0x90 ./Core/Src/stm32f4xx_hal_msp.o
                0x08001314                HAL_I2C_MspInit
 .text.HAL_SPI_MspInit
                0x080013a4       0x90 ./Core/Src/stm32f4xx_hal_msp.o
                0x080013a4                HAL_SPI_MspInit
 .text.HAL_UART_MspInit
                0x08001434       0x90 ./Core/Src/stm32f4xx_hal_msp.o
                0x08001434                HAL_UART_MspInit
 .text.NMI_Handler
                0x080014c4        0x8 ./Core/Src/stm32f4xx_it.o
                0x080014c4                NMI_Handler
 .text.HardFault_Handler
                0x080014cc        0x8 ./Core/Src/stm32f4xx_it.o
                0x080014cc                HardFault_Handler
 .text.MemManage_Handler
                0x080014d4        0x8 ./Core/Src/stm32f4xx_it.o
                0x080014d4                MemManage_Handler
 .text.BusFault_Handler
                0x080014dc        0x8 ./Core/Src/stm32f4xx_it.o
                0x080014dc                BusFault_Handler
 .text.UsageFault_Handler
                0x080014e4        0x8 ./Core/Src/stm32f4xx_it.o
                0x080014e4                UsageFault_Handler
 .text.DebugMon_Handler
                0x080014ec        0xe ./Core/Src/stm32f4xx_it.o
                0x080014ec                DebugMon_Handler
 .text.SysTick_Handler
                0x080014fa       0x1a ./Core/Src/stm32f4xx_it.o
                0x080014fa                SysTick_Handler
 .text.CAN1_RX0_IRQHandler
                0x08001514       0x14 ./Core/Src/stm32f4xx_it.o
                0x08001514                CAN1_RX0_IRQHandler
 .text._read    0x08001528       0x3a ./Core/Src/syscalls.o
                0x08001528                _read
 .text._write   0x08001562       0x38 ./Core/Src/syscalls.o
                0x08001562                _write
 .text._close   0x0800159a       0x18 ./Core/Src/syscalls.o
                0x0800159a                _close
 .text._fstat   0x080015b2       0x20 ./Core/Src/syscalls.o
                0x080015b2                _fstat
 .text._isatty  0x080015d2       0x16 ./Core/Src/syscalls.o
                0x080015d2                _isatty
 .text._lseek   0x080015e8       0x1a ./Core/Src/syscalls.o
                0x080015e8                _lseek
 *fill*         0x08001602        0x2 
 .text._sbrk    0x08001604       0x6c ./Core/Src/sysmem.o
                0x08001604                _sbrk
 .text.SystemInit
                0x08001670       0x24 ./Core/Src/system_stm32f4xx.o
                0x08001670                SystemInit
 .text.Reset_Handler
                0x08001694       0x50 ./Core/Startup/startup_stm32f446retx.o
                0x08001694                Reset_Handler
 .text.Default_Handler
                0x080016e4        0x2 ./Core/Startup/startup_stm32f446retx.o
                0x080016e4                RTC_Alarm_IRQHandler
                0x080016e4                EXTI2_IRQHandler
                0x080016e4                TIM8_CC_IRQHandler
                0x080016e4                FMPI2C1_EV_IRQHandler
                0x080016e4                SPI4_IRQHandler
                0x080016e4                TIM1_CC_IRQHandler
                0x080016e4                DMA2_Stream5_IRQHandler
                0x080016e4                DMA1_Stream5_IRQHandler
                0x080016e4                PVD_IRQHandler
                0x080016e4                SDIO_IRQHandler
                0x080016e4                TAMP_STAMP_IRQHandler
                0x080016e4                CAN2_RX1_IRQHandler
                0x080016e4                EXTI3_IRQHandler
                0x080016e4                TIM8_TRG_COM_TIM14_IRQHandler
                0x080016e4                TIM1_UP_TIM10_IRQHandler
                0x080016e4                TIM8_UP_TIM13_IRQHandler
                0x080016e4                I2C3_ER_IRQHandler
                0x080016e4                EXTI0_IRQHandler
                0x080016e4                I2C2_EV_IRQHandler
                0x080016e4                DMA1_Stream2_IRQHandler
                0x080016e4                FPU_IRQHandler
                0x080016e4                OTG_HS_WKUP_IRQHandler
                0x080016e4                CAN2_SCE_IRQHandler
                0x080016e4                DMA2_Stream2_IRQHandler
                0x080016e4                SPI1_IRQHandler
                0x080016e4                TIM6_DAC_IRQHandler
                0x080016e4                TIM1_BRK_TIM9_IRQHandler
                0x080016e4                DCMI_IRQHandler
                0x080016e4                CAN2_RX0_IRQHandler
                0x080016e4                DMA2_Stream3_IRQHandler
                0x080016e4                SAI2_IRQHandler
                0x080016e4                USART6_IRQHandler
                0x080016e4                USART3_IRQHandler
                0x080016e4                CAN1_RX1_IRQHandler
                0x080016e4                UART5_IRQHandler
                0x080016e4                DMA2_Stream0_IRQHandler
                0x080016e4                TIM4_IRQHandler
                0x080016e4                QUADSPI_IRQHandler
                0x080016e4                I2C1_EV_IRQHandler
                0x080016e4                DMA1_Stream6_IRQHandler
                0x080016e4                DMA1_Stream1_IRQHandler
                0x080016e4                UART4_IRQHandler
                0x080016e4                TIM3_IRQHandler
                0x080016e4                RCC_IRQHandler
                0x080016e4                TIM8_BRK_TIM12_IRQHandler
                0x080016e4                Default_Handler
                0x080016e4                CEC_IRQHandler
                0x080016e4                EXTI15_10_IRQHandler
                0x080016e4                ADC_IRQHandler
                0x080016e4                DMA1_Stream7_IRQHandler
                0x080016e4                TIM7_IRQHandler
                0x080016e4                CAN2_TX_IRQHandler
                0x080016e4                TIM5_IRQHandler
                0x080016e4                DMA2_Stream7_IRQHandler
                0x080016e4                I2C3_EV_IRQHandler
                0x080016e4                EXTI9_5_IRQHandler
                0x080016e4                RTC_WKUP_IRQHandler
                0x080016e4                SPDIF_RX_IRQHandler
                0x080016e4                SPI2_IRQHandler
                0x080016e4                OTG_HS_EP1_IN_IRQHandler
                0x080016e4                DMA1_Stream0_IRQHandler
                0x080016e4                CAN1_TX_IRQHandler
                0x080016e4                FMPI2C1_ER_IRQHandler
                0x080016e4                EXTI4_IRQHandler
                0x080016e4                OTG_HS_EP1_OUT_IRQHandler
                0x080016e4                WWDG_IRQHandler
                0x080016e4                TIM2_IRQHandler
                0x080016e4                OTG_FS_WKUP_IRQHandler
                0x080016e4                TIM1_TRG_COM_TIM11_IRQHandler
                0x080016e4                OTG_HS_IRQHandler
                0x080016e4                EXTI1_IRQHandler
                0x080016e4                USART2_IRQHandler
                0x080016e4                I2C2_ER_IRQHandler
                0x080016e4                DMA2_Stream1_IRQHandler
                0x080016e4                CAN1_SCE_IRQHandler
                0x080016e4                FLASH_IRQHandler
                0x080016e4                DMA2_Stream4_IRQHandler
                0x080016e4                USART1_IRQHandler
                0x080016e4                OTG_FS_IRQHandler
                0x080016e4                SPI3_IRQHandler
                0x080016e4                DMA1_Stream4_IRQHandler
                0x080016e4                I2C1_ER_IRQHandler
                0x080016e4                FMC_IRQHandler
                0x080016e4                DMA2_Stream6_IRQHandler
                0x080016e4                SAI1_IRQHandler
                0x080016e4                DMA1_Stream3_IRQHandler
 *fill*         0x080016e6        0x2 
 .text.HAL_Init
                0x080016e8       0x44 ./Drivers/STM32F4xx_HAL_Driver/Src/stm32f4xx_hal.o
                0x080016e8                HAL_Init
 .text.HAL_InitTick
                0x0800172c       0x60 ./Drivers/STM32F4xx_HAL_Driver/Src/stm32f4xx_hal.o
                0x0800172c                HAL_InitTick
 .text.HAL_IncTick
                0x0800178c       0x28 ./Drivers/STM32F4xx_HAL_Driver/Src/stm32f4xx_hal.o
                0x0800178c                HAL_IncTick
 .text.HAL_GetTick
                0x080017b4       0x18 ./Drivers/STM32F4xx_HAL_Driver/Src/stm32f4xx_hal.o
                0x080017b4                HAL_GetTick
 .text.HAL_CAN_Init
                0x080017cc      0x1f6 ./Drivers/STM32F4xx_HAL_Driver/Src/stm32f4xx_hal_can.o
                0x080017cc                HAL_CAN_Init
 *fill*         0x080019c2        0x2 
 .text.HAL_CAN_ConfigFilter
                0x080019c4      0x1bc ./Drivers/STM32F4xx_HAL_Driver/Src/stm32f4xx_hal_can.o
                0x080019c4                HAL_CAN_ConfigFilter
 .text.HAL_CAN_Start
                0x08001b80       0x88 ./Drivers/STM32F4xx_HAL_Driver/Src/stm32f4xx_hal_can.o
                0x08001b80                HAL_CAN_Start
 .text.HAL_CAN_AddTxMessage
                0x08001c08      0x1a0 ./Drivers/STM32F4xx_HAL_Driver/Src/stm32f4xx_hal_can.o
                0x08001c08                HAL_CAN_AddTxMessage
 .text.HAL_CAN_GetRxMessage
                0x08001da8      0x244 ./Drivers/STM32F4xx_HAL_Driver/Src/stm32f4xx_hal_can.o
                0x08001da8                HAL_CAN_GetRxMessage
 .text.HAL_CAN_ActivateNotification
                0x08001fec       0x4c ./Drivers/STM32F4xx_HAL_Driver/Src/stm32f4xx_hal_can.o
                0x08001fec                HAL_CAN_ActivateNotification
 .text.HAL_CAN_IRQHandler
                0x08002038      0x36e ./Drivers/STM32F4xx_HAL_Driver/Src/stm32f4xx_hal_can.o
                0x08002038                HAL_CAN_IRQHandler
 .text.HAL_CAN_TxMailbox0AbortCallback
                0x080023a6       0x14 ./Drivers/STM32F4xx_HAL_Driver/Src/stm32f4xx_hal_can.o
                0x080023a6                HAL_CAN_TxMailbox0AbortCallback
 .text.HAL_CAN_TxMailbox1AbortCallback
                0x080023ba       0x14 ./Drivers/STM32F4xx_HAL_Driver/Src/stm32f4xx_hal_can.o
                0x080023ba                HAL_CAN_TxMailbox1AbortCallback
 .text.HAL_CAN_TxMailbox2AbortCallback
                0x080023ce       0x14 ./Drivers/STM32F4xx_HAL_Driver/Src/stm32f4xx_hal_can.o
                0x080023ce                HAL_CAN_TxMailbox2AbortCallback
 .text.HAL_CAN_RxFifo0FullCallback
                0x080023e2       0x14 ./Drivers/STM32F4xx_HAL_Driver/Src/stm32f4xx_hal_can.o
                0x080023e2                HAL_CAN_RxFifo0FullCallback
 .text.HAL_CAN_RxFifo1MsgPendingCallback
                0x080023f6       0x14 ./Drivers/STM32F4xx_HAL_Driver/Src/stm32f4xx_hal_can.o
                0x080023f6                HAL_CAN_RxFifo1MsgPendingCallback
 .text.HAL_CAN_RxFifo1FullCallback
                0x0800240a       0x14 ./Drivers/STM32F4xx_HAL_Driver/Src/stm32f4xx_hal_can.o
                0x0800240a                HAL_CAN_RxFifo1FullCallback
 .text.HAL_CAN_SleepCallback
                0x0800241e       0x14 ./Drivers/STM32F4xx_HAL_Driver/Src/stm32f4xx_hal_can.o
                0x0800241e                HAL_CAN_SleepCallback
 .text.HAL_CAN_WakeUpFromRxMsgCallback
                0x08002432       0x14 ./Drivers/STM32F4xx_HAL_Driver/Src/stm32f4xx_hal_can.o
                0x08002432                HAL_CAN_WakeUpFromRxMsgCallback
 .text.HAL_CAN_ErrorCallback
                0x08002446       0x14 ./Drivers/STM32F4xx_HAL_Driver/Src/stm32f4xx_hal_can.o
                0x08002446                HAL_CAN_ErrorCallback
 *fill*         0x0800245a        0x2 
 .text.__NVIC_SetPriorityGrouping
                0x0800245c       0x48 ./Drivers/STM32F4xx_HAL_Driver/Src/stm32f4xx_hal_cortex.o
 .text.__NVIC_GetPriorityGrouping
                0x080024a4       0x1c ./Drivers/STM32F4xx_HAL_Driver/Src/stm32f4xx_hal_cortex.o
 .text.__NVIC_EnableIRQ
                0x080024c0       0x3c ./Drivers/STM32F4xx_HAL_Driver/Src/stm32f4xx_hal_cortex.o
 .text.__NVIC_SetPriority
                0x080024fc       0x54 ./Drivers/STM32F4xx_HAL_Driver/Src/stm32f4xx_hal_cortex.o
 .text.NVIC_EncodePriority
                0x08002550       0x66 ./Drivers/STM32F4xx_HAL_Driver/Src/stm32f4xx_hal_cortex.o
 *fill*         0x080025b6        0x2 
 .text.SysTick_Config
                0x080025b8       0x44 ./Drivers/STM32F4xx_HAL_Driver/Src/stm32f4xx_hal_cortex.o
 .text.HAL_NVIC_SetPriorityGrouping
                0x080025fc       0x16 ./Drivers/STM32F4xx_HAL_Driver/Src/stm32f4xx_hal_cortex.o
                0x080025fc                HAL_NVIC_SetPriorityGrouping
 .text.HAL_NVIC_SetPriority
                0x08002612       0x38 ./Drivers/STM32F4xx_HAL_Driver/Src/stm32f4xx_hal_cortex.o
                0x08002612                HAL_NVIC_SetPriority
 .text.HAL_NVIC_EnableIRQ
                0x0800264a       0x1c ./Drivers/STM32F4xx_HAL_Driver/Src/stm32f4xx_hal_cortex.o
                0x0800264a                HAL_NVIC_EnableIRQ
 .text.HAL_SYSTICK_Config
                0x08002666       0x18 ./Drivers/STM32F4xx_HAL_Driver/Src/stm32f4xx_hal_cortex.o
                0x08002666                HAL_SYSTICK_Config
 .text.HAL_DMA_Start_IT
                0x0800267e       0xb0 ./Drivers/STM32F4xx_HAL_Driver/Src/stm32f4xx_hal_dma.o
                0x0800267e                HAL_DMA_Start_IT
 .text.HAL_DMA_Abort_IT
                0x0800272e       0x44 ./Drivers/STM32F4xx_HAL_Driver/Src/stm32f4xx_hal_dma.o
                0x0800272e                HAL_DMA_Abort_IT
 .text.HAL_DMA_GetError
                0x08002772       0x18 ./Drivers/STM32F4xx_HAL_Driver/Src/stm32f4xx_hal_dma.o
                0x08002772                HAL_DMA_GetError
 .text.DMA_SetConfig
                0x0800278a       0x5c ./Drivers/STM32F4xx_HAL_Driver/Src/stm32f4xx_hal_dma.o
 *fill*         0x080027e6        0x2 
 .text.HAL_GPIO_Init
                0x080027e8      0x328 ./Drivers/STM32F4xx_HAL_Driver/Src/stm32f4xx_hal_gpio.o
                0x080027e8                HAL_GPIO_Init
 .text.HAL_GPIO_ReadPin
                0x08002b10       0x30 ./Drivers/STM32F4xx_HAL_Driver/Src/stm32f4xx_hal_gpio.o
                0x08002b10                HAL_GPIO_ReadPin
 .text.HAL_GPIO_WritePin
                0x08002b40       0x32 ./Drivers/STM32F4xx_HAL_Driver/Src/stm32f4xx_hal_gpio.o
                0x08002b40                HAL_GPIO_WritePin
 *fill*         0x08002b72        0x2 
 .text.HAL_I2C_Init
                0x08002b74      0x288 ./Drivers/STM32F4xx_HAL_Driver/Src/stm32f4xx_hal_i2c.o
                0x08002b74                HAL_I2C_Init
 .text.HAL_I2C_Mem_Read_DMA
                0x08002dfc      0x320 ./Drivers/STM32F4xx_HAL_Driver/Src/stm32f4xx_hal_i2c.o
                0x08002dfc                HAL_I2C_Mem_Read_DMA
 .text.HAL_I2C_MasterRxCpltCallback
                0x0800311c       0x14 ./Drivers/STM32F4xx_HAL_Driver/Src/stm32f4xx_hal_i2c.o
                0x0800311c                HAL_I2C_MasterRxCpltCallback
 .text.HAL_I2C_SlaveTxCpltCallback
                0x08003130       0x14 ./Drivers/STM32F4xx_HAL_Driver/Src/stm32f4xx_hal_i2c.o
                0x08003130                HAL_I2C_SlaveTxCpltCallback
 .text.HAL_I2C_SlaveRxCpltCallback
                0x08003144       0x14 ./Drivers/STM32F4xx_HAL_Driver/Src/stm32f4xx_hal_i2c.o
                0x08003144                HAL_I2C_SlaveRxCpltCallback
 .text.I2C_RequestMemoryRead
                0x08003158      0x1d0 ./Drivers/STM32F4xx_HAL_Driver/Src/stm32f4xx_hal_i2c.o
 .text.I2C_DMAXferCplt
                0x08003328      0x1be ./Drivers/STM32F4xx_HAL_Driver/Src/stm32f4xx_hal_i2c.o
 .text.I2C_DMAError
                0x080034e6       0x7a ./Drivers/STM32F4xx_HAL_Driver/Src/stm32f4xx_hal_i2c.o
 .text.I2C_WaitOnFlagUntilTimeout
                0x08003560       0xf4 ./Drivers/STM32F4xx_HAL_Driver/Src/stm32f4xx_hal_i2c.o
 .text.I2C_WaitOnMasterAddressFlagUntilTimeout
                0x08003654      0x140 ./Drivers/STM32F4xx_HAL_Driver/Src/stm32f4xx_hal_i2c.o
 .text.I2C_WaitOnTXEFlagUntilTimeout
                0x08003794       0x90 ./Drivers/STM32F4xx_HAL_Driver/Src/stm32f4xx_hal_i2c.o
 .text.I2C_IsAcknowledgeFailed
                0x08003824       0x5e ./Drivers/STM32F4xx_HAL_Driver/Src/stm32f4xx_hal_i2c.o
 *fill*         0x08003882        0x2 
 .text.HAL_RCC_ClockConfig
                0x08003884      0x1cc ./Drivers/STM32F4xx_HAL_Driver/Src/stm32f4xx_hal_rcc.o
                0x08003884                HAL_RCC_ClockConfig
 .text.HAL_RCC_GetHCLKFreq
                0x08003a50       0x18 ./Drivers/STM32F4xx_HAL_Driver/Src/stm32f4xx_hal_rcc.o
                0x08003a50                HAL_RCC_GetHCLKFreq
 .text.HAL_RCC_GetPCLK1Freq
                0x08003a68       0x28 ./Drivers/STM32F4xx_HAL_Driver/Src/stm32f4xx_hal_rcc.o
                0x08003a68                HAL_RCC_GetPCLK1Freq
 .text.HAL_RCC_GetPCLK2Freq
                0x08003a90       0x28 ./Drivers/STM32F4xx_HAL_Driver/Src/stm32f4xx_hal_rcc.o
                0x08003a90                HAL_RCC_GetPCLK2Freq
 .text.HAL_RCC_GetSysClockFreq
                0x08003ab8      0x354 ./Drivers/STM32F4xx_HAL_Driver/Src/stm32f4xx_hal_rcc_ex.o
                0x08003ab8                HAL_RCC_GetSysClockFreq
 .text.HAL_RCC_OscConfig
                0x08003e0c      0x53c ./Drivers/STM32F4xx_HAL_Driver/Src/stm32f4xx_hal_rcc_ex.o
                0x08003e0c                HAL_RCC_OscConfig
 .text.HAL_SPI_Init
                0x08004348      0x112 ./Drivers/STM32F4xx_HAL_Driver/Src/stm32f4xx_hal_spi.o
                0x08004348                HAL_SPI_Init
 .text.HAL_SPI_Transmit
                0x0800445a      0x288 ./Drivers/STM32F4xx_HAL_Driver/Src/stm32f4xx_hal_spi.o
                0x0800445a                HAL_SPI_Transmit
 .text.HAL_SPI_Receive
                0x080046e2      0x232 ./Drivers/STM32F4xx_HAL_Driver/Src/stm32f4xx_hal_spi.o
                0x080046e2                HAL_SPI_Receive
 .text.HAL_SPI_TransmitReceive
                0x08004914      0x352 ./Drivers/STM32F4xx_HAL_Driver/Src/stm32f4xx_hal_spi.o
                0x08004914                HAL_SPI_TransmitReceive
 *fill*         0x08004c66        0x2 
 .text.HAL_SPI_Transmit_DMA
                0x08004c68      0x164 ./Drivers/STM32F4xx_HAL_Driver/Src/stm32f4xx_hal_spi.o
                0x08004c68                HAL_SPI_Transmit_DMA
 .text.HAL_SPI_TxHalfCpltCallback
                0x08004dcc       0x14 ./Drivers/STM32F4xx_HAL_Driver/Src/stm32f4xx_hal_spi.o
                0x08004dcc                HAL_SPI_TxHalfCpltCallback
 .text.HAL_SPI_ErrorCallback
                0x08004de0       0x14 ./Drivers/STM32F4xx_HAL_Driver/Src/stm32f4xx_hal_spi.o
                0x08004de0                HAL_SPI_ErrorCallback
 .text.SPI_DMATransmitCplt
                0x08004df4       0xa8 ./Drivers/STM32F4xx_HAL_Driver/Src/stm32f4xx_hal_spi.o
 .text.SPI_DMAHalfTransmitCplt
                0x08004e9c       0x1c ./Drivers/STM32F4xx_HAL_Driver/Src/stm32f4xx_hal_spi.o
 .text.SPI_DMAError
                0x08004eb8       0x40 ./Drivers/STM32F4xx_HAL_Driver/Src/stm32f4xx_hal_spi.o
 .text.SPI_WaitFlagStateUntilTimeout
                0x08004ef8      0x110 ./Drivers/STM32F4xx_HAL_Driver/Src/stm32f4xx_hal_spi.o
 .text.SPI_EndRxTransaction
                0x08005008       0xca ./Drivers/STM32F4xx_HAL_Driver/Src/stm32f4xx_hal_spi.o
 *fill*         0x080050d2        0x2 
 .text.SPI_EndRxTxTransaction
                0x080050d4       0xa8 ./Drivers/STM32F4xx_HAL_Driver/Src/stm32f4xx_hal_spi.o
 .text.HAL_UART_Init
                0x0800517c       0xa0 ./Drivers/STM32F4xx_HAL_Driver/Src/stm32f4xx_hal_uart.o
                0x0800517c                HAL_UART_Init
 .text.HAL_UART_Transmit
                0x0800521c      0x116 ./Drivers/STM32F4xx_HAL_Driver/Src/stm32f4xx_hal_uart.o
                0x0800521c                HAL_UART_Transmit
 .text.UART_WaitOnFlagUntilTimeout
                0x08005332       0xb2 ./Drivers/STM32F4xx_HAL_Driver/Src/stm32f4xx_hal_uart.o
 .text.UART_EndRxTransfer
                0x080053e4       0xc6 ./Drivers/STM32F4xx_HAL_Driver/Src/stm32f4xx_hal_uart.o
 *fill*         0x080054aa        0x2 
 .text.UART_SetConfig
                0x080054ac      0x4e8 ./Drivers/STM32F4xx_HAL_Driver/Src/stm32f4xx_hal_uart.o
 .text.__NVIC_SetPriority
                0x08005994       0x54 ./Middlewares/Third_Party/FreeRTOS/Source/CMSIS_RTOS_V2/cmsis_os2.o
 .text.SVC_Setup
                0x080059e8       0x12 ./Middlewares/Third_Party/FreeRTOS/Source/CMSIS_RTOS_V2/cmsis_os2.o
 *fill*         0x080059fa        0x2 
 .text.osKernelInitialize
                0x080059fc       0x48 ./Middlewares/Third_Party/FreeRTOS/Source/CMSIS_RTOS_V2/cmsis_os2.o
                0x080059fc                osKernelInitialize
 .text.osKernelStart
                0x08005a44       0x4c ./Middlewares/Third_Party/FreeRTOS/Source/CMSIS_RTOS_V2/cmsis_os2.o
                0x08005a44                osKernelStart
 .text.osThreadNew
                0x08005a90      0x124 ./Middlewares/Third_Party/FreeRTOS/Source/CMSIS_RTOS_V2/cmsis_os2.o
                0x08005a90                osThreadNew
 .text.osDelay  0x08005bb4       0x36 ./Middlewares/Third_Party/FreeRTOS/Source/CMSIS_RTOS_V2/cmsis_os2.o
                0x08005bb4                osDelay
 .text.osMutexNew
                0x08005bea      0x10c ./Middlewares/Third_Party/FreeRTOS/Source/CMSIS_RTOS_V2/cmsis_os2.o
                0x08005bea                osMutexNew
 .text.osMutexAcquire
                0x08005cf6       0x96 ./Middlewares/Third_Party/FreeRTOS/Source/CMSIS_RTOS_V2/cmsis_os2.o
                0x08005cf6                osMutexAcquire
 .text.osMutexRelease
                0x08005d8c       0x7a ./Middlewares/Third_Party/FreeRTOS/Source/CMSIS_RTOS_V2/cmsis_os2.o
                0x08005d8c                osMutexRelease
 .text.osSemaphoreNew
                0x08005e06      0x112 ./Middlewares/Third_Party/FreeRTOS/Source/CMSIS_RTOS_V2/cmsis_os2.o
                0x08005e06                osSemaphoreNew
 .text.osSemaphoreAcquire
                0x08005f18       0xa4 ./Middlewares/Third_Party/FreeRTOS/Source/CMSIS_RTOS_V2/cmsis_os2.o
                0x08005f18                osSemaphoreAcquire
 .text.osSemaphoreRelease
                0x08005fbc       0x88 ./Middlewares/Third_Party/FreeRTOS/Source/CMSIS_RTOS_V2/cmsis_os2.o
                0x08005fbc                osSemaphoreRelease
 .text.osMessageQueueNew
                0x08006044       0xe6 ./Middlewares/Third_Party/FreeRTOS/Source/CMSIS_RTOS_V2/cmsis_os2.o
                0x08006044                osMessageQueueNew
 *fill*         0x0800612a        0x2 
 .text.osMessageQueuePut
                0x0800612c       0xc0 ./Middlewares/Third_Party/FreeRTOS/Source/CMSIS_RTOS_V2/cmsis_os2.o
                0x0800612c                osMessageQueuePut
 .text.osMessageQueueGet
                0x080061ec       0xbc ./Middlewares/Third_Party/FreeRTOS/Source/CMSIS_RTOS_V2/cmsis_os2.o
                0x080061ec                osMessageQueueGet
 .text.vApplicationGetIdleTaskMemory
                0x080062a8       0x34 ./Middlewares/Third_Party/FreeRTOS/Source/CMSIS_RTOS_V2/cmsis_os2.o
                0x080062a8                vApplicationGetIdleTaskMemory
 .text.vApplicationGetTimerTaskMemory
                0x080062dc       0x34 ./Middlewares/Third_Party/FreeRTOS/Source/CMSIS_RTOS_V2/cmsis_os2.o
                0x080062dc                vApplicationGetTimerTaskMemory
 .text.vListInitialise
                0x08006310       0x40 ./Middlewares/Third_Party/FreeRTOS/Source/list.o
                0x08006310                vListInitialise
 .text.vListInitialiseItem
                0x08006350       0x1a ./Middlewares/Third_Party/FreeRTOS/Source/list.o
                0x08006350                vListInitialiseItem
 .text.vListInsertEnd
                0x0800636a       0x48 ./Middlewares/Third_Party/FreeRTOS/Source/list.o
                0x0800636a                vListInsertEnd
 .text.vListInsert
                0x080063b2       0x72 ./Middlewares/Third_Party/FreeRTOS/Source/list.o
                0x080063b2                vListInsert
 .text.uxListRemove
                0x08006424       0x54 ./Middlewares/Third_Party/FreeRTOS/Source/list.o
                0x08006424                uxListRemove
 .text.xQueueGenericReset
                0x08006478       0xd4 ./Middlewares/Third_Party/FreeRTOS/Source/queue.o
                0x08006478                xQueueGenericReset
 .text.xQueueGenericCreateStatic
                0x0800654c       0xfa ./Middlewares/Third_Party/FreeRTOS/Source/queue.o
                0x0800654c                xQueueGenericCreateStatic
 .text.xQueueGenericCreate
                0x08006646       0x76 ./Middlewares/Third_Party/FreeRTOS/Source/queue.o
                0x08006646                xQueueGenericCreate
 .text.prvInitialiseNewQueue
                0x080066bc       0x46 ./Middlewares/Third_Party/FreeRTOS/Source/queue.o
 .text.prvInitialiseMutex
                0x08006702       0x34 ./Middlewares/Third_Party/FreeRTOS/Source/queue.o
 .text.xQueueCreateMutex
                0x08006736       0x30 ./Middlewares/Third_Party/FreeRTOS/Source/queue.o
                0x08006736                xQueueCreateMutex
 .text.xQueueCreateMutexStatic
                0x08006766       0x36 ./Middlewares/Third_Party/FreeRTOS/Source/queue.o
                0x08006766                xQueueCreateMutexStatic
 .text.xQueueGiveMutexRecursive
                0x0800679c       0x6a ./Middlewares/Third_Party/FreeRTOS/Source/queue.o
                0x0800679c                xQueueGiveMutexRecursive
 .text.xQueueTakeMutexRecursive
                0x08006806       0x6e ./Middlewares/Third_Party/FreeRTOS/Source/queue.o
                0x08006806                xQueueTakeMutexRecursive
 .text.xQueueCreateCountingSemaphoreStatic
                0x08006874       0x72 ./Middlewares/Third_Party/FreeRTOS/Source/queue.o
                0x08006874                xQueueCreateCountingSemaphoreStatic
 .text.xQueueCreateCountingSemaphore
                0x080068e6       0x6a ./Middlewares/Third_Party/FreeRTOS/Source/queue.o
                0x080068e6                xQueueCreateCountingSemaphore
 .text.xQueueGenericSend
                0x08006950      0x204 ./Middlewares/Third_Party/FreeRTOS/Source/queue.o
                0x08006950                xQueueGenericSend
 .text.xQueueGenericSendFromISR
                0x08006b54      0x13c ./Middlewares/Third_Party/FreeRTOS/Source/queue.o
                0x08006b54                xQueueGenericSendFromISR
 .text.xQueueGiveFromISR
                0x08006c90      0x120 ./Middlewares/Third_Party/FreeRTOS/Source/queue.o
                0x08006c90                xQueueGiveFromISR
 .text.xQueueReceive
                0x08006db0      0x1c4 ./Middlewares/Third_Party/FreeRTOS/Source/queue.o
                0x08006db0                xQueueReceive
 .text.xQueueSemaphoreTake
                0x08006f74      0x220 ./Middlewares/Third_Party/FreeRTOS/Source/queue.o
                0x08006f74                xQueueSemaphoreTake
 .text.xQueueReceiveFromISR
                0x08007194      0x104 ./Middlewares/Third_Party/FreeRTOS/Source/queue.o
                0x08007194                xQueueReceiveFromISR
 .text.vQueueDelete
                0x08007298       0x48 ./Middlewares/Third_Party/FreeRTOS/Source/queue.o
                0x08007298                vQueueDelete
 .text.prvGetDisinheritPriorityAfterTimeout
                0x080072e0       0x30 ./Middlewares/Third_Party/FreeRTOS/Source/queue.o
 .text.prvCopyDataToQueue
                0x08007310       0xd4 ./Middlewares/Third_Party/FreeRTOS/Source/queue.o
 .text.prvCopyDataFromQueue
                0x080073e4       0x4c ./Middlewares/Third_Party/FreeRTOS/Source/queue.o
 .text.prvUnlockQueue
                0x08007430       0xa4 ./Middlewares/Third_Party/FreeRTOS/Source/queue.o
 .text.prvIsQueueEmpty
                0x080074d4       0x2c ./Middlewares/Third_Party/FreeRTOS/Source/queue.o
 .text.prvIsQueueFull
                0x08007500       0x30 ./Middlewares/Third_Party/FreeRTOS/Source/queue.o
 .text.vQueueAddToRegistry
                0x08007530       0x54 ./Middlewares/Third_Party/FreeRTOS/Source/queue.o
                0x08007530                vQueueAddToRegistry
 .text.vQueueUnregisterQueue
                0x08007584       0x54 ./Middlewares/Third_Party/FreeRTOS/Source/queue.o
                0x08007584                vQueueUnregisterQueue
 .text.vQueueWaitForMessageRestricted
                0x080075d8       0x68 ./Middlewares/Third_Party/FreeRTOS/Source/queue.o
                0x080075d8                vQueueWaitForMessageRestricted
 .text.xTaskCreateStatic
                0x08007640       0xc0 ./Middlewares/Third_Party/FreeRTOS/Source/tasks.o
                0x08007640                xTaskCreateStatic
 .text.xTaskCreate
                0x08007700       0x8a ./Middlewares/Third_Party/FreeRTOS/Source/tasks.o
                0x08007700                xTaskCreate
 .text.prvInitialiseNewTask
                0x0800778a      0x120 ./Middlewares/Third_Party/FreeRTOS/Source/tasks.o
 *fill*         0x080078aa        0x2 
 .text.prvAddNewTaskToReadyList
                0x080078ac       0xe0 ./Middlewares/Third_Party/FreeRTOS/Source/tasks.o
 .text.vTaskDelay
                0x0800798c       0x6c ./Middlewares/Third_Party/FreeRTOS/Source/tasks.o
                0x0800798c                vTaskDelay
 .text.vTaskStartScheduler
                0x080079f8       0xd0 ./Middlewares/Third_Party/FreeRTOS/Source/tasks.o
                0x080079f8                vTaskStartScheduler
 .text.vTaskSuspendAll
                0x08007ac8       0x1c ./Middlewares/Third_Party/FreeRTOS/Source/tasks.o
                0x08007ac8                vTaskSuspendAll
 .text.xTaskResumeAll
                0x08007ae4      0x13c ./Middlewares/Third_Party/FreeRTOS/Source/tasks.o
                0x08007ae4                xTaskResumeAll
 .text.xTaskGetTickCount
                0x08007c20       0x20 ./Middlewares/Third_Party/FreeRTOS/Source/tasks.o
                0x08007c20                xTaskGetTickCount
 .text.xTaskIncrementTick
                0x08007c40      0x174 ./Middlewares/Third_Party/FreeRTOS/Source/tasks.o
                0x08007c40                xTaskIncrementTick
 .text.vTaskSwitchContext
                0x08007db4       0xbc ./Middlewares/Third_Party/FreeRTOS/Source/tasks.o
                0x08007db4                vTaskSwitchContext
 .text.vTaskPlaceOnEventList
                0x08007e70       0x4c ./Middlewares/Third_Party/FreeRTOS/Source/tasks.o
                0x08007e70                vTaskPlaceOnEventList
 .text.vTaskPlaceOnEventListRestricted
                0x08007ebc       0x58 ./Middlewares/Third_Party/FreeRTOS/Source/tasks.o
                0x08007ebc                vTaskPlaceOnEventListRestricted
 .text.xTaskRemoveFromEventList
                0x08007f14       0xc8 ./Middlewares/Third_Party/FreeRTOS/Source/tasks.o
                0x08007f14                xTaskRemoveFromEventList
 .text.vTaskInternalSetTimeOutState
                0x08007fdc       0x2c ./Middlewares/Third_Party/FreeRTOS/Source/tasks.o
                0x08007fdc                vTaskInternalSetTimeOutState
 .text.xTaskCheckForTimeOut
                0x08008008       0xc8 ./Middlewares/Third_Party/FreeRTOS/Source/tasks.o
                0x08008008                xTaskCheckForTimeOut
 .text.vTaskMissedYield
                0x080080d0       0x18 ./Middlewares/Third_Party/FreeRTOS/Source/tasks.o
                0x080080d0                vTaskMissedYield
 .text.prvIdleTask
                0x080080e8       0x30 ./Middlewares/Third_Party/FreeRTOS/Source/tasks.o
 .text.prvInitialiseTaskLists
                0x08008118       0x80 ./Middlewares/Third_Party/FreeRTOS/Source/tasks.o
 .text.prvCheckTasksWaitingTermination
                0x08008198       0x5c ./Middlewares/Third_Party/FreeRTOS/Source/tasks.o
 .text.prvDeleteTCB
                0x080081f4       0x60 ./Middlewares/Third_Party/FreeRTOS/Source/tasks.o
 .text.prvResetNextTaskUnblockTime
                0x08008254       0x40 ./Middlewares/Third_Party/FreeRTOS/Source/tasks.o
 .text.xTaskGetCurrentTaskHandle
                0x08008294       0x20 ./Middlewares/Third_Party/FreeRTOS/Source/tasks.o
                0x08008294                xTaskGetCurrentTaskHandle
 .text.xTaskGetSchedulerState
                0x080082b4       0x3c ./Middlewares/Third_Party/FreeRTOS/Source/tasks.o
                0x080082b4                xTaskGetSchedulerState
 .text.xTaskPriorityInherit
                0x080082f0       0xd0 ./Middlewares/Third_Party/FreeRTOS/Source/tasks.o
                0x080082f0                xTaskPriorityInherit
 .text.xTaskPriorityDisinherit
                0x080083c0       0xe0 ./Middlewares/Third_Party/FreeRTOS/Source/tasks.o
                0x080083c0                xTaskPriorityDisinherit
 .text.vTaskPriorityDisinheritAfterTimeout
                0x080084a0      0x108 ./Middlewares/Third_Party/FreeRTOS/Source/tasks.o
                0x080084a0                vTaskPriorityDisinheritAfterTimeout
 .text.pvTaskIncrementMutexHeldCount
                0x080085a8       0x28 ./Middlewares/Third_Party/FreeRTOS/Source/tasks.o
                0x080085a8                pvTaskIncrementMutexHeldCount
 .text.prvAddCurrentTaskToDelayedList
                0x080085d0       0xa8 ./Middlewares/Third_Party/FreeRTOS/Source/tasks.o
 .text.xTimerCreateTimerTask
                0x08008678       0x94 ./Middlewares/Third_Party/FreeRTOS/Source/timers.o
                0x08008678                xTimerCreateTimerTask
 .text.xTimerGenericCommand
                0x0800870c       0x9c ./Middlewares/Third_Party/FreeRTOS/Source/timers.o
                0x0800870c                xTimerGenericCommand
 .text.prvProcessExpiredTimer
                0x080087a8       0x9c ./Middlewares/Third_Party/FreeRTOS/Source/timers.o
 .text.prvTimerTask
                0x08008844       0x26 ./Middlewares/Third_Party/FreeRTOS/Source/timers.o
 *fill*         0x0800886a        0x2 
 .text.prvProcessTimerOrBlockTask
                0x0800886c       0x9c ./Middlewares/Third_Party/FreeRTOS/Source/timers.o
 .text.prvGetNextExpireTime
                0x08008908       0x48 ./Middlewares/Third_Party/FreeRTOS/Source/timers.o
 .text.prvSampleTimeNow
                0x08008950       0x40 ./Middlewares/Third_Party/FreeRTOS/Source/timers.o
 .text.prvInsertTimerInActiveList
                0x08008990       0x84 ./Middlewares/Third_Party/FreeRTOS/Source/timers.o
 .text.prvProcessReceivedCommands
                0x08008a14      0x1cc ./Middlewares/Third_Party/FreeRTOS/Source/timers.o
 .text.prvSwitchTimerLists
                0x08008be0       0xcc ./Middlewares/Third_Party/FreeRTOS/Source/timers.o
 .text.prvCheckForValidListAndQueue
                0x08008cac       0x80 ./Middlewares/Third_Party/FreeRTOS/Source/timers.o
 .text.pxPortInitialiseStack
                0x08008d2c       0x68 ./Middlewares/Third_Party/FreeRTOS/Source/portable/GCC/ARM_CM4F/port.o
                0x08008d2c                pxPortInitialiseStack
 .text.prvTaskExitError
                0x08008d94       0x5c ./Middlewares/Third_Party/FreeRTOS/Source/portable/GCC/ARM_CM4F/port.o
 .text.SVC_Handler
                0x08008df0       0x28 ./Middlewares/Third_Party/FreeRTOS/Source/portable/GCC/ARM_CM4F/port.o
                0x08008df0                SVC_Handler
 .text.prvPortStartFirstTask
                0x08008e18       0x28 ./Middlewares/Third_Party/FreeRTOS/Source/portable/GCC/ARM_CM4F/port.o
 .text.xPortStartScheduler
                0x08008e40      0x148 ./Middlewares/Third_Party/FreeRTOS/Source/portable/GCC/ARM_CM4F/port.o
                0x08008e40                xPortStartScheduler
 .text.vPortEnterCritical
                0x08008f88       0x64 ./Middlewares/Third_Party/FreeRTOS/Source/portable/GCC/ARM_CM4F/port.o
                0x08008f88                vPortEnterCritical
 .text.vPortExitCritical
                0x08008fec       0x54 ./Middlewares/Third_Party/FreeRTOS/Source/portable/GCC/ARM_CM4F/port.o
                0x08008fec                vPortExitCritical
 .text.PendSV_Handler
                0x08009040       0x68 ./Middlewares/Third_Party/FreeRTOS/Source/portable/GCC/ARM_CM4F/port.o
                0x08009040                PendSV_Handler
 .text.xPortSysTickHandler
                0x080090a8       0x44 ./Middlewares/Third_Party/FreeRTOS/Source/portable/GCC/ARM_CM4F/port.o
                0x080090a8                xPortSysTickHandler
 .text.vPortSetupTimerInterrupt
                0x080090ec       0x48 ./Middlewares/Third_Party/FreeRTOS/Source/portable/GCC/ARM_CM4F/port.o
                0x080090ec                vPortSetupTimerInterrupt
 .text.vPortEnableVFP
                0x08009134       0x14 ./Middlewares/Third_Party/FreeRTOS/Source/portable/GCC/ARM_CM4F/port.o
 .text.vPortValidateInterruptPriority
                0x08009148       0x84 ./Middlewares/Third_Party/FreeRTOS/Source/portable/GCC/ARM_CM4F/port.o
                0x08009148                vPortValidateInterruptPriority
 .text.pvPortMalloc
                0x080091cc      0x19c ./Middlewares/Third_Party/FreeRTOS/Source/portable/MemMang/heap_4.o
                0x080091cc                pvPortMalloc
 .text.vPortFree
                0x08009368       0xc8 ./Middlewares/Third_Party/FreeRTOS/Source/portable/MemMang/heap_4.o
                0x08009368                vPortFree
 .text.prvHeapInit
                0x08009430       0xc4 ./Middlewares/Third_Party/FreeRTOS/Source/portable/MemMang/heap_4.o
 .text.prvInsertBlockIntoFreeList
                0x080094f4       0xb4 ./Middlewares/Third_Party/FreeRTOS/Source/portable/MemMang/heap_4.o
 .text.std      0x080095a8       0x6c C:/ST/STM32CubeIDE_1.19.0/STM32CubeIDE/plugins/com.st.stm32cube.ide.mcu.externaltools.gnu-tools-for-stm32.13.3.rel1.win32_1.0.0.202411081344/tools/bin/../lib/gcc/arm-none-eabi/13.3.1/../../../../arm-none-eabi/lib/thumb/v7e-m+fp/hard\libc_nano.a(libc_a-findfp.o)
 .text.stdio_exit_handler
                0x08009614       0x18 C:/ST/STM32CubeIDE_1.19.0/STM32CubeIDE/plugins/com.st.stm32cube.ide.mcu.externaltools.gnu-tools-for-stm32.13.3.rel1.win32_1.0.0.202411081344/tools/bin/../lib/gcc/arm-none-eabi/13.3.1/../../../../arm-none-eabi/lib/thumb/v7e-m+fp/hard\libc_nano.a(libc_a-findfp.o)
 .text.cleanup_stdio
                0x0800962c       0x40 C:/ST/STM32CubeIDE_1.19.0/STM32CubeIDE/plugins/com.st.stm32cube.ide.mcu.externaltools.gnu-tools-for-stm32.13.3.rel1.win32_1.0.0.202411081344/tools/bin/../lib/gcc/arm-none-eabi/13.3.1/../../../../arm-none-eabi/lib/thumb/v7e-m+fp/hard\libc_nano.a(libc_a-findfp.o)
 .text.global_stdio_init.part.0
                0x0800966c       0x3c C:/ST/STM32CubeIDE_1.19.0/STM32CubeIDE/plugins/com.st.stm32cube.ide.mcu.externaltools.gnu-tools-for-stm32.13.3.rel1.win32_1.0.0.202411081344/tools/bin/../lib/gcc/arm-none-eabi/13.3.1/../../../../arm-none-eabi/lib/thumb/v7e-m+fp/hard\libc_nano.a(libc_a-findfp.o)
 .text.__sfp_lock_acquire
                0x080096a8        0xc C:/ST/STM32CubeIDE_1.19.0/STM32CubeIDE/plugins/com.st.stm32cube.ide.mcu.externaltools.gnu-tools-for-stm32.13.3.rel1.win32_1.0.0.202411081344/tools/bin/../lib/gcc/arm-none-eabi/13.3.1/../../../../arm-none-eabi/lib/thumb/v7e-m+fp/hard\libc_nano.a(libc_a-findfp.o)
                0x080096a8                __sfp_lock_acquire
 .text.__sfp_lock_release
                0x080096b4        0xc C:/ST/STM32CubeIDE_1.19.0/STM32CubeIDE/plugins/com.st.stm32cube.ide.mcu.externaltools.gnu-tools-for-stm32.13.3.rel1.win32_1.0.0.202411081344/tools/bin/../lib/gcc/arm-none-eabi/13.3.1/../../../../arm-none-eabi/lib/thumb/v7e-m+fp/hard\libc_nano.a(libc_a-findfp.o)
                0x080096b4                __sfp_lock_release
 .text.__sinit  0x080096c0       0x30 C:/ST/STM32CubeIDE_1.19.0/STM32CubeIDE/plugins/com.st.stm32cube.ide.mcu.externaltools.gnu-tools-for-stm32.13.3.rel1.win32_1.0.0.202411081344/tools/bin/../lib/gcc/arm-none-eabi/13.3.1/../../../../arm-none-eabi/lib/thumb/v7e-m+fp/hard\libc_nano.a(libc_a-findfp.o)
                0x080096c0                __sinit
 .text._fwalk_sglue
                0x080096f0       0x3c C:/ST/STM32CubeIDE_1.19.0/STM32CubeIDE/plugins/com.st.stm32cube.ide.mcu.externaltools.gnu-tools-for-stm32.13.3.rel1.win32_1.0.0.202411081344/tools/bin/../lib/gcc/arm-none-eabi/13.3.1/../../../../arm-none-eabi/lib/thumb/v7e-m+fp/hard\libc_nano.a(libc_a-fwalk.o)
                0x080096f0                _fwalk_sglue
 .text._puts_r  0x0800972c       0xaa C:/ST/STM32CubeIDE_1.19.0/STM32CubeIDE/plugins/com.st.stm32cube.ide.mcu.externaltools.gnu-tools-for-stm32.13.3.rel1.win32_1.0.0.202411081344/tools/bin/../lib/gcc/arm-none-eabi/13.3.1/../../../../arm-none-eabi/lib/thumb/v7e-m+fp/hard\libc_nano.a(libc_a-puts.o)
                0x0800972c                _puts_r
 *fill*         0x080097d6        0x2 
 .text.puts     0x080097d8       0x10 C:/ST/STM32CubeIDE_1.19.0/STM32CubeIDE/plugins/com.st.stm32cube.ide.mcu.externaltools.gnu-tools-for-stm32.13.3.rel1.win32_1.0.0.202411081344/tools/bin/../lib/gcc/arm-none-eabi/13.3.1/../../../../arm-none-eabi/lib/thumb/v7e-m+fp/hard\libc_nano.a(libc_a-puts.o)
                0x080097d8                puts
 .text.snprintf
                0x080097e8       0x6c C:/ST/STM32CubeIDE_1.19.0/STM32CubeIDE/plugins/com.st.stm32cube.ide.mcu.externaltools.gnu-tools-for-stm32.13.3.rel1.win32_1.0.0.202411081344/tools/bin/../lib/gcc/arm-none-eabi/13.3.1/../../../../arm-none-eabi/lib/thumb/v7e-m+fp/hard\libc_nano.a(libc_a-snprintf.o)
                0x080097e8                sniprintf
                0x080097e8                snprintf
 .text.__sread  0x08009854       0x22 C:/ST/STM32CubeIDE_1.19.0/STM32CubeIDE/plugins/com.st.stm32cube.ide.mcu.externaltools.gnu-tools-for-stm32.13.3.rel1.win32_1.0.0.202411081344/tools/bin/../lib/gcc/arm-none-eabi/13.3.1/../../../../arm-none-eabi/lib/thumb/v7e-m+fp/hard\libc_nano.a(libc_a-stdio.o)
                0x08009854                __sread
 .text.__swrite
                0x08009876       0x38 C:/ST/STM32CubeIDE_1.19.0/STM32CubeIDE/plugins/com.st.stm32cube.ide.mcu.externaltools.gnu-tools-for-stm32.13.3.rel1.win32_1.0.0.202411081344/tools/bin/../lib/gcc/arm-none-eabi/13.3.1/../../../../arm-none-eabi/lib/thumb/v7e-m+fp/hard\libc_nano.a(libc_a-stdio.o)
                0x08009876                __swrite
 .text.__sseek  0x080098ae       0x24 C:/ST/STM32CubeIDE_1.19.0/STM32CubeIDE/plugins/com.st.stm32cube.ide.mcu.externaltools.gnu-tools-for-stm32.13.3.rel1.win32_1.0.0.202411081344/tools/bin/../lib/gcc/arm-none-eabi/13.3.1/../../../../arm-none-eabi/lib/thumb/v7e-m+fp/hard\libc_nano.a(libc_a-stdio.o)
                0x080098ae                __sseek
 .text.__sclose
                0x080098d2        0x8 C:/ST/STM32CubeIDE_1.19.0/STM32CubeIDE/plugins/com.st.stm32cube.ide.mcu.externaltools.gnu-tools-for-stm32.13.3.rel1.win32_1.0.0.202411081344/tools/bin/../lib/gcc/arm-none-eabi/13.3.1/../../../../arm-none-eabi/lib/thumb/v7e-m+fp/hard\libc_nano.a(libc_a-stdio.o)
                0x080098d2                __sclose
 .text.__swbuf_r
                0x080098da       0x7c C:/ST/STM32CubeIDE_1.19.0/STM32CubeIDE/plugins/com.st.stm32cube.ide.mcu.externaltools.gnu-tools-for-stm32.13.3.rel1.win32_1.0.0.202411081344/tools/bin/../lib/gcc/arm-none-eabi/13.3.1/../../../../arm-none-eabi/lib/thumb/v7e-m+fp/hard\libc_nano.a(libc_a-wbuf.o)
                0x080098da                __swbuf_r
 *fill*         0x08009956        0x2 
 .text.__swsetup_r
                0x08009958       0xac C:/ST/STM32CubeIDE_1.19.0/STM32CubeIDE/plugins/com.st.stm32cube.ide.mcu.externaltools.gnu-tools-for-stm32.13.3.rel1.win32_1.0.0.202411081344/tools/bin/../lib/gcc/arm-none-eabi/13.3.1/../../../../arm-none-eabi/lib/thumb/v7e-m+fp/hard\libc_nano.a(libc_a-wsetup.o)
                0x08009958                __swsetup_r
 .text.memset   0x08009a04       0x10 C:/ST/STM32CubeIDE_1.19.0/STM32CubeIDE/plugins/com.st.stm32cube.ide.mcu.externaltools.gnu-tools-for-stm32.13.3.rel1.win32_1.0.0.202411081344/tools/bin/../lib/gcc/arm-none-eabi/13.3.1/../../../../arm-none-eabi/lib/thumb/v7e-m+fp/hard\libc_nano.a(libc_a-memset.o)
                0x08009a04                memset
 .text._close_r
                0x08009a14       0x20 C:/ST/STM32CubeIDE_1.19.0/STM32CubeIDE/plugins/com.st.stm32cube.ide.mcu.externaltools.gnu-tools-for-stm32.13.3.rel1.win32_1.0.0.202411081344/tools/bin/../lib/gcc/arm-none-eabi/13.3.1/../../../../arm-none-eabi/lib/thumb/v7e-m+fp/hard\libc_nano.a(libc_a-closer.o)
                0x08009a14                _close_r
 .text._lseek_r
                0x08009a34       0x24 C:/ST/STM32CubeIDE_1.19.0/STM32CubeIDE/plugins/com.st.stm32cube.ide.mcu.externaltools.gnu-tools-for-stm32.13.3.rel1.win32_1.0.0.202411081344/tools/bin/../lib/gcc/arm-none-eabi/13.3.1/../../../../arm-none-eabi/lib/thumb/v7e-m+fp/hard\libc_nano.a(libc_a-lseekr.o)
                0x08009a34                _lseek_r
 .text._read_r  0x08009a58       0x24 C:/ST/STM32CubeIDE_1.19.0/STM32CubeIDE/plugins/com.st.stm32cube.ide.mcu.externaltools.gnu-tools-for-stm32.13.3.rel1.win32_1.0.0.202411081344/tools/bin/../lib/gcc/arm-none-eabi/13.3.1/../../../../arm-none-eabi/lib/thumb/v7e-m+fp/hard\libc_nano.a(libc_a-readr.o)
                0x08009a58                _read_r
 .text._write_r
                0x08009a7c       0x24 C:/ST/STM32CubeIDE_1.19.0/STM32CubeIDE/plugins/com.st.stm32cube.ide.mcu.externaltools.gnu-tools-for-stm32.13.3.rel1.win32_1.0.0.202411081344/tools/bin/../lib/gcc/arm-none-eabi/13.3.1/../../../../arm-none-eabi/lib/thumb/v7e-m+fp/hard\libc_nano.a(libc_a-writer.o)
                0x08009a7c                _write_r
 .text.__errno  0x08009aa0        0xc C:/ST/STM32CubeIDE_1.19.0/STM32CubeIDE/plugins/com.st.stm32cube.ide.mcu.externaltools.gnu-tools-for-stm32.13.3.rel1.win32_1.0.0.202411081344/tools/bin/../lib/gcc/arm-none-eabi/13.3.1/../../../../arm-none-eabi/lib/thumb/v7e-m+fp/hard\libc_nano.a(libc_a-errno.o)
                0x08009aa0                __errno
 .text.__libc_init_array
                0x08009aac       0x48 C:/ST/STM32CubeIDE_1.19.0/STM32CubeIDE/plugins/com.st.stm32cube.ide.mcu.externaltools.gnu-tools-for-stm32.13.3.rel1.win32_1.0.0.202411081344/tools/bin/../lib/gcc/arm-none-eabi/13.3.1/../../../../arm-none-eabi/lib/thumb/v7e-m+fp/hard\libc_nano.a(libc_a-init.o)
                0x08009aac                __libc_init_array
 .text.__retarget_lock_init_recursive
                0x08009af4        0x2 C:/ST/STM32CubeIDE_1.19.0/STM32CubeIDE/plugins/com.st.stm32cube.ide.mcu.externaltools.gnu-tools-for-stm32.13.3.rel1.win32_1.0.0.202411081344/tools/bin/../lib/gcc/arm-none-eabi/13.3.1/../../../../arm-none-eabi/lib/thumb/v7e-m+fp/hard\libc_nano.a(libc_a-lock.o)
                0x08009af4                __retarget_lock_init_recursive
 .text.__retarget_lock_acquire_recursive
                0x08009af6        0x2 C:/ST/STM32CubeIDE_1.19.0/STM32CubeIDE/plugins/com.st.stm32cube.ide.mcu.externaltools.gnu-tools-for-stm32.13.3.rel1.win32_1.0.0.202411081344/tools/bin/../lib/gcc/arm-none-eabi/13.3.1/../../../../arm-none-eabi/lib/thumb/v7e-m+fp/hard\libc_nano.a(libc_a-lock.o)
                0x08009af6                __retarget_lock_acquire_recursive
 .text.__retarget_lock_release_recursive
                0x08009af8        0x2 C:/ST/STM32CubeIDE_1.19.0/STM32CubeIDE/plugins/com.st.stm32cube.ide.mcu.externaltools.gnu-tools-for-stm32.13.3.rel1.win32_1.0.0.202411081344/tools/bin/../lib/gcc/arm-none-eabi/13.3.1/../../../../arm-none-eabi/lib/thumb/v7e-m+fp/hard\libc_nano.a(libc_a-lock.o)
                0x08009af8                __retarget_lock_release_recursive
 .text.memcpy   0x08009afa       0x1c C:/ST/STM32CubeIDE_1.19.0/STM32CubeIDE/plugins/com.st.stm32cube.ide.mcu.externaltools.gnu-tools-for-stm32.13.3.rel1.win32_1.0.0.202411081344/tools/bin/../lib/gcc/arm-none-eabi/13.3.1/../../../../arm-none-eabi/lib/thumb/v7e-m+fp/hard\libc_nano.a(libc_a-memcpy-stub.o)
                0x08009afa                memcpy
 *fill*         0x08009b16        0x2 
 .text._free_r  0x08009b18       0x94 C:/ST/STM32CubeIDE_1.19.0/STM32CubeIDE/plugins/com.st.stm32cube.ide.mcu.externaltools.gnu-tools-for-stm32.13.3.rel1.win32_1.0.0.202411081344/tools/bin/../lib/gcc/arm-none-eabi/13.3.1/../../../../arm-none-eabi/lib/thumb/v7e-m+fp/hard\libc_nano.a(libc_a-freer.o)
                0x08009b18                _free_r
 .text.sbrk_aligned
                0x08009bac       0x44 C:/ST/STM32CubeIDE_1.19.0/STM32CubeIDE/plugins/com.st.stm32cube.ide.mcu.externaltools.gnu-tools-for-stm32.13.3.rel1.win32_1.0.0.202411081344/tools/bin/../lib/gcc/arm-none-eabi/13.3.1/../../../../arm-none-eabi/lib/thumb/v7e-m+fp/hard\libc_nano.a(libc_a-mallocr.o)
 .text._malloc_r
                0x08009bf0      0x100 C:/ST/STM32CubeIDE_1.19.0/STM32CubeIDE/plugins/com.st.stm32cube.ide.mcu.externaltools.gnu-tools-for-stm32.13.3.rel1.win32_1.0.0.202411081344/tools/bin/../lib/gcc/arm-none-eabi/13.3.1/../../../../arm-none-eabi/lib/thumb/v7e-m+fp/hard\libc_nano.a(libc_a-mallocr.o)
                0x08009bf0                _malloc_r
 .text.__malloc_lock
                0x08009cf0        0xc C:/ST/STM32CubeIDE_1.19.0/STM32CubeIDE/plugins/com.st.stm32cube.ide.mcu.externaltools.gnu-tools-for-stm32.13.3.rel1.win32_1.0.0.202411081344/tools/bin/../lib/gcc/arm-none-eabi/13.3.1/../../../../arm-none-eabi/lib/thumb/v7e-m+fp/hard\libc_nano.a(libc_a-mlock.o)
                0x08009cf0                __malloc_lock
 .text.__malloc_unlock
                0x08009cfc        0xc C:/ST/STM32CubeIDE_1.19.0/STM32CubeIDE/plugins/com.st.stm32cube.ide.mcu.externaltools.gnu-tools-for-stm32.13.3.rel1.win32_1.0.0.202411081344/tools/bin/../lib/gcc/arm-none-eabi/13.3.1/../../../../arm-none-eabi/lib/thumb/v7e-m+fp/hard\libc_nano.a(libc_a-mlock.o)
                0x08009cfc                __malloc_unlock
 .text.__ssputs_r
                0x08009d08       0xb6 C:/ST/STM32CubeIDE_1.19.0/STM32CubeIDE/plugins/com.st.stm32cube.ide.mcu.externaltools.gnu-tools-for-stm32.13.3.rel1.win32_1.0.0.202411081344/tools/bin/../lib/gcc/arm-none-eabi/13.3.1/../../../../arm-none-eabi/lib/thumb/v7e-m+fp/hard\libc_nano.a(libc_a-nano-svfprintf.o)
                0x08009d08                __ssputs_r
 *fill*         0x08009dbe        0x2 
 .text._svfprintf_r
                0x08009dc0      0x1f8 C:/ST/STM32CubeIDE_1.19.0/STM32CubeIDE/plugins/com.st.stm32cube.ide.mcu.externaltools.gnu-tools-for-stm32.13.3.rel1.win32_1.0.0.202411081344/tools/bin/../lib/gcc/arm-none-eabi/13.3.1/../../../../arm-none-eabi/lib/thumb/v7e-m+fp/hard\libc_nano.a(libc_a-nano-svfprintf.o)
                0x08009dc0                _svfiprintf_r
                0x08009dc0                _svfprintf_r
 .text._printf_common
                0x08009fb8       0xda C:/ST/STM32CubeIDE_1.19.0/STM32CubeIDE/plugins/com.st.stm32cube.ide.mcu.externaltools.gnu-tools-for-stm32.13.3.rel1.win32_1.0.0.202411081344/tools/bin/../lib/gcc/arm-none-eabi/13.3.1/../../../../arm-none-eabi/lib/thumb/v7e-m+fp/hard\libc_nano.a(libc_a-nano-vfprintf_i.o)
                0x08009fb8                _printf_common
 *fill*         0x0800a092        0x2 
 .text._printf_i
                0x0800a094      0x23c C:/ST/STM32CubeIDE_1.19.0/STM32CubeIDE/plugins/com.st.stm32cube.ide.mcu.externaltools.gnu-tools-for-stm32.13.3.rel1.win32_1.0.0.202411081344/tools/bin/../lib/gcc/arm-none-eabi/13.3.1/../../../../arm-none-eabi/lib/thumb/v7e-m+fp/hard\libc_nano.a(libc_a-nano-vfprintf_i.o)
                0x0800a094                _printf_i
 .text.__sflush_r
                0x0800a2d0      0x108 C:/ST/STM32CubeIDE_1.19.0/STM32CubeIDE/plugins/com.st.stm32cube.ide.mcu.externaltools.gnu-tools-for-stm32.13.3.rel1.win32_1.0.0.202411081344/tools/bin/../lib/gcc/arm-none-eabi/13.3.1/../../../../arm-none-eabi/lib/thumb/v7e-m+fp/hard\libc_nano.a(libc_a-fflush.o)
                0x0800a2d0                __sflush_r
 .text._fflush_r
                0x0800a3d8       0x50 C:/ST/STM32CubeIDE_1.19.0/STM32CubeIDE/plugins/com.st.stm32cube.ide.mcu.externaltools.gnu-tools-for-stm32.13.3.rel1.win32_1.0.0.202411081344/tools/bin/../lib/gcc/arm-none-eabi/13.3.1/../../../../arm-none-eabi/lib/thumb/v7e-m+fp/hard\libc_nano.a(libc_a-fflush.o)
                0x0800a3d8                _fflush_r
 .text.__swhatbuf_r
                0x0800a428       0x4c C:/ST/STM32CubeIDE_1.19.0/STM32CubeIDE/plugins/com.st.stm32cube.ide.mcu.externaltools.gnu-tools-for-stm32.13.3.rel1.win32_1.0.0.202411081344/tools/bin/../lib/gcc/arm-none-eabi/13.3.1/../../../../arm-none-eabi/lib/thumb/v7e-m+fp/hard\libc_nano.a(libc_a-makebuf.o)
                0x0800a428                __swhatbuf_r
 .text.__smakebuf_r
                0x0800a474       0x78 C:/ST/STM32CubeIDE_1.19.0/STM32CubeIDE/plugins/com.st.stm32cube.ide.mcu.externaltools.gnu-tools-for-stm32.13.3.rel1.win32_1.0.0.202411081344/tools/bin/../lib/gcc/arm-none-eabi/13.3.1/../../../../arm-none-eabi/lib/thumb/v7e-m+fp/hard\libc_nano.a(libc_a-makebuf.o)
                0x0800a474                __smakebuf_r
 .text.memmove  0x0800a4ec       0x34 C:/ST/STM32CubeIDE_1.19.0/STM32CubeIDE/plugins/com.st.stm32cube.ide.mcu.externaltools.gnu-tools-for-stm32.13.3.rel1.win32_1.0.0.202411081344/tools/bin/../lib/gcc/arm-none-eabi/13.3.1/../../../../arm-none-eabi/lib/thumb/v7e-m+fp/hard\libc_nano.a(libc_a-memmove.o)
                0x0800a4ec                memmove
 .text._fstat_r
                0x0800a520       0x24 C:/ST/STM32CubeIDE_1.19.0/STM32CubeIDE/plugins/com.st.stm32cube.ide.mcu.externaltools.gnu-tools-for-stm32.13.3.rel1.win32_1.0.0.202411081344/tools/bin/../lib/gcc/arm-none-eabi/13.3.1/../../../../arm-none-eabi/lib/thumb/v7e-m+fp/hard\libc_nano.a(libc_a-fstatr.o)
                0x0800a520                _fstat_r
 .text._isatty_r
                0x0800a544       0x20 C:/ST/STM32CubeIDE_1.19.0/STM32CubeIDE/plugins/com.st.stm32cube.ide.mcu.externaltools.gnu-tools-for-stm32.13.3.rel1.win32_1.0.0.202411081344/tools/bin/../lib/gcc/arm-none-eabi/13.3.1/../../../../arm-none-eabi/lib/thumb/v7e-m+fp/hard\libc_nano.a(libc_a-isattyr.o)
                0x0800a544                _isatty_r
 .text._sbrk_r  0x0800a564       0x20 C:/ST/STM32CubeIDE_1.19.0/STM32CubeIDE/plugins/com.st.stm32cube.ide.mcu.externaltools.gnu-tools-for-stm32.13.3.rel1.win32_1.0.0.202411081344/tools/bin/../lib/gcc/arm-none-eabi/13.3.1/../../../../arm-none-eabi/lib/thumb/v7e-m+fp/hard\libc_nano.a(libc_a-sbrkr.o)
                0x0800a564                _sbrk_r
 .text._realloc_r
                0x0800a584       0x5c C:/ST/STM32CubeIDE_1.19.0/STM32CubeIDE/plugins/com.st.stm32cube.ide.mcu.externaltools.gnu-tools-for-stm32.13.3.rel1.win32_1.0.0.202411081344/tools/bin/../lib/gcc/arm-none-eabi/13.3.1/../../../../arm-none-eabi/lib/thumb/v7e-m+fp/hard\libc_nano.a(libc_a-reallocr.o)
                0x0800a584                _realloc_r
 .text._malloc_usable_size_r
                0x0800a5e0       0x10 C:/ST/STM32CubeIDE_1.19.0/STM32CubeIDE/plugins/com.st.stm32cube.ide.mcu.externaltools.gnu-tools-for-stm32.13.3.rel1.win32_1.0.0.202411081344/tools/bin/../lib/gcc/arm-none-eabi/13.3.1/../../../../arm-none-eabi/lib/thumb/v7e-m+fp/hard\libc_nano.a(libc_a-msizer.o)
                0x0800a5e0                _malloc_usable_size_r
 *(.glue_7)
 .glue_7        0x0800a5f0        0x0 linker stubs
 *(.glue_7t)
 .glue_7t       0x0800a5f0        0x0 linker stubs
 *(.eh_frame)
 .eh_frame      0x0800a5f0        0x0 C:/ST/STM32CubeIDE_1.19.0/STM32CubeIDE/plugins/com.st.stm32cube.ide.mcu.externaltools.gnu-tools-for-stm32.13.3.rel1.win32_1.0.0.202411081344/tools/bin/../lib/gcc/arm-none-eabi/13.3.1/thumb/v7e-m+fp/hard/crtbegin.o
 *(.init)
 .init          0x0800a5f0        0x4 C:/ST/STM32CubeIDE_1.19.0/STM32CubeIDE/plugins/com.st.stm32cube.ide.mcu.externaltools.gnu-tools-for-stm32.13.3.rel1.win32_1.0.0.202411081344/tools/bin/../lib/gcc/arm-none-eabi/13.3.1/thumb/v7e-m+fp/hard/crti.o
                0x0800a5f0                _init
 .init          0x0800a5f4        0x8 C:/ST/STM32CubeIDE_1.19.0/STM32CubeIDE/plugins/com.st.stm32cube.ide.mcu.externaltools.gnu-tools-for-stm32.13.3.rel1.win32_1.0.0.202411081344/tools/bin/../lib/gcc/arm-none-eabi/13.3.1/thumb/v7e-m+fp/hard/crtn.o
 *(.fini)
 .fini          0x0800a5fc        0x4 C:/ST/STM32CubeIDE_1.19.0/STM32CubeIDE/plugins/com.st.stm32cube.ide.mcu.externaltools.gnu-tools-for-stm32.13.3.rel1.win32_1.0.0.202411081344/tools/bin/../lib/gcc/arm-none-eabi/13.3.1/thumb/v7e-m+fp/hard/crti.o
                0x0800a5fc                _fini
 .fini          0x0800a600        0x8 C:/ST/STM32CubeIDE_1.19.0/STM32CubeIDE/plugins/com.st.stm32cube.ide.mcu.externaltools.gnu-tools-for-stm32.13.3.rel1.win32_1.0.0.202411081344/tools/bin/../lib/gcc/arm-none-eabi/13.3.1/thumb/v7e-m+fp/hard/crtn.o
                0x0800a608                        . = ALIGN (0x4)
                0x0800a608                        _etext = .

.vfp11_veneer   0x0800a608        0x0
 .vfp11_veneer  0x0800a608        0x0 linker stubs

.v4_bx          0x0800a608        0x0
 .v4_bx         0x0800a608        0x0 linker stubs

.iplt           0x0800a608        0x0
 .iplt          0x0800a608        0x0 C:/ST/STM32CubeIDE_1.19.0/STM32CubeIDE/plugins/com.st.stm32cube.ide.mcu.externaltools.gnu-tools-for-stm32.13.3.rel1.win32_1.0.0.202411081344/tools/bin/../lib/gcc/arm-none-eabi/13.3.1/thumb/v7e-m+fp/hard/crtbegin.o

.rodata         0x0800a608       0xf8
                0x0800a608                        . = ALIGN (0x4)
 *(.rodata)
 .rodata        0x0800a608       0x1e ./Core/Src/UART_task.o
 *fill*         0x0800a626        0x2 
 .rodata        0x0800a628       0x18 ./Core/Src/eeprom_25lc256.o
 .rodata        0x0800a640       0x35 ./Core/Src/main.o
 *fill*         0x0800a675        0x3 
 .rodata        0x0800a678        0x5 ./Middlewares/Third_Party/FreeRTOS/Source/tasks.o
 *fill*         0x0800a67d        0x3 
 .rodata        0x0800a680        0xd ./Middlewares/Third_Party/FreeRTOS/Source/timers.o
 *(.rodata*)
 *fill*         0x0800a68d        0x3 
 .rodata.defaultTask_attributes
                0x0800a690       0x24 ./Core/Src/main.o
                0x0800a690                defaultTask_attributes
 .rodata.AHBPrescTable
                0x0800a6b4       0x10 ./Core/Src/system_stm32f4xx.o
                0x0800a6b4                AHBPrescTable
 .rodata.APBPrescTable
                0x0800a6c4        0x8 ./Core/Src/system_stm32f4xx.o
                0x0800a6c4                APBPrescTable
 .rodata._svfprintf_r.str1.1
                0x0800a6cc       0x33 C:/ST/STM32CubeIDE_1.19.0/STM32CubeIDE/plugins/com.st.stm32cube.ide.mcu.externaltools.gnu-tools-for-stm32.13.3.rel1.win32_1.0.0.202411081344/tools/bin/../lib/gcc/arm-none-eabi/13.3.1/../../../../arm-none-eabi/lib/thumb/v7e-m+fp/hard\libc_nano.a(libc_a-nano-svfprintf.o)
                                 0x11 (size before relaxing)
 .rodata._printf_i.str1.1
                0x0800a6ff       0x22 C:/ST/STM32CubeIDE_1.19.0/STM32CubeIDE/plugins/com.st.stm32cube.ide.mcu.externaltools.gnu-tools-for-stm32.13.3.rel1.win32_1.0.0.202411081344/tools/bin/../lib/gcc/arm-none-eabi/13.3.1/../../../../arm-none-eabi/lib/thumb/v7e-m+fp/hard\libc_nano.a(libc_a-nano-vfprintf_i.o)
                0x0800a724                        . = ALIGN (0x4)
 *fill*         0x0800a6ff        0x1 

.ARM.extab      0x0800a700        0x0
                0x0800a700                        . = ALIGN (0x4)
 *(.ARM.extab* .gnu.linkonce.armextab.*)
                0x0800a700                        . = ALIGN (0x4)

.ARM            0x0800a700        0x8
                0x0800a700                        . = ALIGN (0x4)
                0x0800a700                        __exidx_start = .
 *(.ARM.exidx*)
 .ARM.exidx     0x0800a700        0x8 C:/ST/STM32CubeIDE_1.19.0/STM32CubeIDE/plugins/com.st.stm32cube.ide.mcu.externaltools.gnu-tools-for-stm32.13.3.rel1.win32_1.0.0.202411081344/tools/bin/../lib/gcc/arm-none-eabi/13.3.1/../../../../arm-none-eabi/lib/thumb/v7e-m+fp/hard\libc_nano.a(libc_a-strlen.o)
 .ARM.exidx     0x0800a708        0x0 C:/ST/STM32CubeIDE_1.19.0/STM32CubeIDE/plugins/com.st.stm32cube.ide.mcu.externaltools.gnu-tools-for-stm32.13.3.rel1.win32_1.0.0.202411081344/tools/bin/../lib/gcc/arm-none-eabi/13.3.1/../../../../arm-none-eabi/lib/thumb/v7e-m+fp/hard\libc_nano.a(libc_a-memchr.o)
                                  0x8 (size before relaxing)
 .ARM.exidx     0x0800a708        0x0 C:/ST/STM32CubeIDE_1.19.0/STM32CubeIDE/plugins/com.st.stm32cube.ide.mcu.externaltools.gnu-tools-for-stm32.13.3.rel1.win32_1.0.0.202411081344/tools/bin/../lib/gcc/arm-none-eabi/13.3.1/thumb/v7e-m+fp/hard\libgcc.a(_udivmoddi4.o)
                                  0x8 (size before relaxing)
                0x0800a708                        __exidx_end = .
                0x0800a708                        . = ALIGN (0x4)

.preinit_array  0x0800a708        0x0
                0x0800a708                        . = ALIGN (0x4)
                0x0800a708                        PROVIDE (__preinit_array_start = .)
 *(.preinit_array*)
                0x0800a708                        PROVIDE (__preinit_array_end = .)
                0x0800a708                        . = ALIGN (0x4)

.init_array     0x0800a708        0x4
                0x0800a708                        . = ALIGN (0x4)
                0x0800a708                        PROVIDE (__init_array_start = .)
 *(SORT_BY_NAME(.init_array.*))
 *(.init_array*)
 .init_array    0x0800a708        0x4 C:/ST/STM32CubeIDE_1.19.0/STM32CubeIDE/plugins/com.st.stm32cube.ide.mcu.externaltools.gnu-tools-for-stm32.13.3.rel1.win32_1.0.0.202411081344/tools/bin/../lib/gcc/arm-none-eabi/13.3.1/thumb/v7e-m+fp/hard/crtbegin.o
                0x0800a70c                        PROVIDE (__init_array_end = .)
                0x0800a70c                        . = ALIGN (0x4)

.fini_array     0x0800a70c        0x4
                0x0800a70c                        . = ALIGN (0x4)
                [!provide]                        PROVIDE (__fini_array_start = .)
 *(SORT_BY_NAME(.fini_array.*))
 *(.fini_array*)
 .fini_array    0x0800a70c        0x4 C:/ST/STM32CubeIDE_1.19.0/STM32CubeIDE/plugins/com.st.stm32cube.ide.mcu.externaltools.gnu-tools-for-stm32.13.3.rel1.win32_1.0.0.202411081344/tools/bin/../lib/gcc/arm-none-eabi/13.3.1/thumb/v7e-m+fp/hard/crtbegin.o
                [!provide]                        PROVIDE (__fini_array_end = .)
                0x0800a710                        . = ALIGN (0x4)
                0x0800a710                        _sidata = LOADADDR (.data)

.rel.dyn        0x0800a710        0x0
 .rel.iplt      0x0800a710        0x0 C:/ST/STM32CubeIDE_1.19.0/STM32CubeIDE/plugins/com.st.stm32cube.ide.mcu.externaltools.gnu-tools-for-stm32.13.3.rel1.win32_1.0.0.202411081344/tools/bin/../lib/gcc/arm-none-eabi/13.3.1/thumb/v7e-m+fp/hard/crtbegin.o

.data           0x20000000       0xa4 load address 0x0800a710
                0x20000000                        . = ALIGN (0x4)
                0x20000000                        _sdata = .
 *(.data)
 *(.data*)
 .data.DTC_Table
                0x20000000       0x36 ./Core/Src/eeprom_25lc256.o
                0x20000000                DTC_Table
 *fill*         0x20000036        0x2 
 .data.SystemCoreClock
                0x20000038        0x4 ./Core/Src/system_stm32f4xx.o
                0x20000038                SystemCoreClock
 .data.uwTickPrio
                0x2000003c        0x4 ./Drivers/STM32F4xx_HAL_Driver/Src/stm32f4xx_hal.o
                0x2000003c                uwTickPrio
 .data.uwTickFreq
                0x20000040        0x1 ./Drivers/STM32F4xx_HAL_Driver/Src/stm32f4xx_hal.o
                0x20000040                uwTickFreq
 *fill*         0x20000041        0x3 
 .data.uxCriticalNesting
                0x20000044        0x4 ./Middlewares/Third_Party/FreeRTOS/Source/portable/GCC/ARM_CM4F/port.o
 .data.__sglue  0x20000048        0xc C:/ST/STM32CubeIDE_1.19.0/STM32CubeIDE/plugins/com.st.stm32cube.ide.mcu.externaltools.gnu-tools-for-stm32.13.3.rel1.win32_1.0.0.202411081344/tools/bin/../lib/gcc/arm-none-eabi/13.3.1/../../../../arm-none-eabi/lib/thumb/v7e-m+fp/hard\libc_nano.a(libc_a-findfp.o)
                0x20000048                __sglue
 .data._impure_ptr
                0x20000054        0x4 C:/ST/STM32CubeIDE_1.19.0/STM32CubeIDE/plugins/com.st.stm32cube.ide.mcu.externaltools.gnu-tools-for-stm32.13.3.rel1.win32_1.0.0.202411081344/tools/bin/../lib/gcc/arm-none-eabi/13.3.1/../../../../arm-none-eabi/lib/thumb/v7e-m+fp/hard\libc_nano.a(libc_a-impure.o)
                0x20000054                _impure_ptr
 .data._impure_data
                0x20000058       0x4c C:/ST/STM32CubeIDE_1.19.0/STM32CubeIDE/plugins/com.st.stm32cube.ide.mcu.externaltools.gnu-tools-for-stm32.13.3.rel1.win32_1.0.0.202411081344/tools/bin/../lib/gcc/arm-none-eabi/13.3.1/../../../../arm-none-eabi/lib/thumb/v7e-m+fp/hard\libc_nano.a(libc_a-impure.o)
                0x20000058                _impure_data
 *(.RamFunc)
 *(.RamFunc*)
                0x200000a4                        . = ALIGN (0x4)
                0x200000a4                        _edata = .

.igot.plt       0x200000a4        0x0 load address 0x0800a7b4
 .igot.plt      0x200000a4        0x0 C:/ST/STM32CubeIDE_1.19.0/STM32CubeIDE/plugins/com.st.stm32cube.ide.mcu.externaltools.gnu-tools-for-stm32.13.3.rel1.win32_1.0.0.202411081344/tools/bin/../lib/gcc/arm-none-eabi/13.3.1/thumb/v7e-m+fp/hard/crtbegin.o
                0x200000a4                        . = ALIGN (0x4)

.bss            0x200000a4     0x4c40 load address 0x0800a7b4
                0x200000a4                        _sbss = .
                0x200000a4                        __bss_start__ = _sbss
 *(.bss)
 .bss           0x200000a4       0x1c C:/ST/STM32CubeIDE_1.19.0/STM32CubeIDE/plugins/com.st.stm32cube.ide.mcu.externaltools.gnu-tools-for-stm32.13.3.rel1.win32_1.0.0.202411081344/tools/bin/../lib/gcc/arm-none-eabi/13.3.1/thumb/v7e-m+fp/hard/crtbegin.o
 *(.bss*)
 .bss.RxHeader  0x200000c0       0x1c ./Core/Src/CAN_task.o
 .bss.RxData    0x200000dc        0x8 ./Core/Src/CAN_task.o
 .bss.hcan1     0x200000e4       0x28 ./Core/Src/main.o
                0x200000e4                hcan1
 .bss.hi2c1     0x2000010c       0x54 ./Core/Src/main.o
                0x2000010c                hi2c1
 .bss.hspi1     0x20000160       0x58 ./Core/Src/main.o
                0x20000160                hspi1
 .bss.huart2    0x200001b8       0x48 ./Core/Src/main.o
                0x200001b8                huart2
 .bss.defaultTaskHandle
                0x20000200        0x4 ./Core/Src/main.o
                0x20000200                defaultTaskHandle
 .bss.i2cMonitorTaskHandle
                0x20000204        0x4 ./Core/Src/main.o
                0x20000204                i2cMonitorTaskHandle
 .bss.spiEepromTaskHandle
                0x20000208        0x4 ./Core/Src/main.o
                0x20000208                spiEepromTaskHandle
 .bss.dtcTaskhandle
                0x2000020c        0x4 ./Core/Src/main.o
                0x2000020c                dtcTaskhandle
 .bss.canTaskHandle
                0x20000210        0x4 ./Core/Src/main.o
                0x20000210                canTaskHandle
 .bss.uartTaskHandle
                0x20000214        0x4 ./Core/Src/main.o
                0x20000214                uartTaskHandle
 .bss.eepromMutexHandle
                0x20000218        0x4 ./Core/Src/main.o
                0x20000218                eepromMutexHandle
 .bss.i2cRxDoneSemaphoreHandle
                0x2000021c        0x4 ./Core/Src/main.o
                0x2000021c                i2cRxDoneSemaphoreHandle
 .bss.spiTxDoneSemaphoreHandle
                0x20000220        0x4 ./Core/Src/main.o
                0x20000220                spiTxDoneSemaphoreHandle
 .bss.canTxDoneSemaphoreHandle
                0x20000224        0x4 ./Core/Src/main.o
                0x20000224                canTxDoneSemaphoreHandle
 .bss.CanQueueHandle
                0x20000228        0x4 ./Core/Src/main.o
                0x20000228                CanQueueHandle
 .bss.CommMutexHandleHandle
                0x2000022c        0x4 ./Core/Src/main.o
                0x2000022c                CommMutexHandleHandle
 .bss.dtcProcessingQueueHandle
                0x20000230        0x4 ./Core/Src/main.o
                0x20000230                dtcProcessingQueueHandle
 .bss.dtcQueueHandle
                0x20000234        0x4 ./Core/Src/main.o
                0x20000234                dtcQueueHandle
 .bss.g_SystemState
                0x20000238        0x1 ./Core/Src/main.o
                0x20000238                g_SystemState
 .bss.g_i2c_state
                0x20000239        0x1 ./Core/Src/main.o
                0x20000239                g_i2c_state
 *fill*         0x2000023a        0x2 
 .bss.g_i2c_rx_buffer
                0x2000023c        0x3 ./Core/Src/main.o
                0x2000023c                g_i2c_rx_buffer
 *fill*         0x2000023f        0x1 
 .bss.__sbrk_heap_end
                0x20000240        0x4 ./Core/Src/sysmem.o
 .bss.uwTick    0x20000244        0x4 ./Drivers/STM32F4xx_HAL_Driver/Src/stm32f4xx_hal.o
                0x20000244                uwTick
 .bss.KernelState
                0x20000248        0x4 ./Middlewares/Third_Party/FreeRTOS/Source/CMSIS_RTOS_V2/cmsis_os2.o
 .bss.Idle_TCB.3
                0x2000024c       0x5c ./Middlewares/Third_Party/FreeRTOS/Source/CMSIS_RTOS_V2/cmsis_os2.o
 .bss.Idle_Stack.2
                0x200002a8      0x200 ./Middlewares/Third_Party/FreeRTOS/Source/CMSIS_RTOS_V2/cmsis_os2.o
 .bss.Timer_TCB.1
                0x200004a8       0x5c ./Middlewares/Third_Party/FreeRTOS/Source/CMSIS_RTOS_V2/cmsis_os2.o
 .bss.Timer_Stack.0
                0x20000504      0x400 ./Middlewares/Third_Party/FreeRTOS/Source/CMSIS_RTOS_V2/cmsis_os2.o
 .bss.xQueueRegistry
                0x20000904       0x40 ./Middlewares/Third_Party/FreeRTOS/Source/queue.o
                0x20000904                xQueueRegistry
 .bss.pxCurrentTCB
                0x20000944        0x4 ./Middlewares/Third_Party/FreeRTOS/Source/tasks.o
                0x20000944                pxCurrentTCB
 .bss.pxReadyTasksLists
                0x20000948      0x460 ./Middlewares/Third_Party/FreeRTOS/Source/tasks.o
 .bss.xDelayedTaskList1
                0x20000da8       0x14 ./Middlewares/Third_Party/FreeRTOS/Source/tasks.o
 .bss.xDelayedTaskList2
                0x20000dbc       0x14 ./Middlewares/Third_Party/FreeRTOS/Source/tasks.o
 .bss.pxDelayedTaskList
                0x20000dd0        0x4 ./Middlewares/Third_Party/FreeRTOS/Source/tasks.o
 .bss.pxOverflowDelayedTaskList
                0x20000dd4        0x4 ./Middlewares/Third_Party/FreeRTOS/Source/tasks.o
 .bss.xPendingReadyList
                0x20000dd8       0x14 ./Middlewares/Third_Party/FreeRTOS/Source/tasks.o
 .bss.xTasksWaitingTermination
                0x20000dec       0x14 ./Middlewares/Third_Party/FreeRTOS/Source/tasks.o
 .bss.uxDeletedTasksWaitingCleanUp
                0x20000e00        0x4 ./Middlewares/Third_Party/FreeRTOS/Source/tasks.o
 .bss.xSuspendedTaskList
                0x20000e04       0x14 ./Middlewares/Third_Party/FreeRTOS/Source/tasks.o
 .bss.uxCurrentNumberOfTasks
                0x20000e18        0x4 ./Middlewares/Third_Party/FreeRTOS/Source/tasks.o
 .bss.xTickCount
                0x20000e1c        0x4 ./Middlewares/Third_Party/FreeRTOS/Source/tasks.o
 .bss.uxTopReadyPriority
                0x20000e20        0x4 ./Middlewares/Third_Party/FreeRTOS/Source/tasks.o
 .bss.xSchedulerRunning
                0x20000e24        0x4 ./Middlewares/Third_Party/FreeRTOS/Source/tasks.o
 .bss.xPendedTicks
                0x20000e28        0x4 ./Middlewares/Third_Party/FreeRTOS/Source/tasks.o
 .bss.xYieldPending
                0x20000e2c        0x4 ./Middlewares/Third_Party/FreeRTOS/Source/tasks.o
 .bss.xNumOfOverflows
                0x20000e30        0x4 ./Middlewares/Third_Party/FreeRTOS/Source/tasks.o
 .bss.uxTaskNumber
                0x20000e34        0x4 ./Middlewares/Third_Party/FreeRTOS/Source/tasks.o
 .bss.xNextTaskUnblockTime
                0x20000e38        0x4 ./Middlewares/Third_Party/FreeRTOS/Source/tasks.o
 .bss.xIdleTaskHandle
                0x20000e3c        0x4 ./Middlewares/Third_Party/FreeRTOS/Source/tasks.o
 .bss.uxSchedulerSuspended
                0x20000e40        0x4 ./Middlewares/Third_Party/FreeRTOS/Source/tasks.o
 .bss.xActiveTimerList1
                0x20000e44       0x14 ./Middlewares/Third_Party/FreeRTOS/Source/timers.o
 .bss.xActiveTimerList2
                0x20000e58       0x14 ./Middlewares/Third_Party/FreeRTOS/Source/timers.o
 .bss.pxCurrentTimerList
                0x20000e6c        0x4 ./Middlewares/Third_Party/FreeRTOS/Source/timers.o
 .bss.pxOverflowTimerList
                0x20000e70        0x4 ./Middlewares/Third_Party/FreeRTOS/Source/timers.o
 .bss.xTimerQueue
                0x20000e74        0x4 ./Middlewares/Third_Party/FreeRTOS/Source/timers.o
 .bss.xTimerTaskHandle
                0x20000e78        0x4 ./Middlewares/Third_Party/FreeRTOS/Source/timers.o
 .bss.xLastTime.2
                0x20000e7c        0x4 ./Middlewares/Third_Party/FreeRTOS/Source/timers.o
 .bss.ucStaticTimerQueueStorage.1
                0x20000e80       0xa0 ./Middlewares/Third_Party/FreeRTOS/Source/timers.o
 .bss.xStaticTimerQueue.0
                0x20000f20       0x50 ./Middlewares/Third_Party/FreeRTOS/Source/timers.o
 .bss.ucMaxSysCallPriority
                0x20000f70        0x1 ./Middlewares/Third_Party/FreeRTOS/Source/portable/GCC/ARM_CM4F/port.o
 *fill*         0x20000f71        0x3 
 .bss.ulMaxPRIGROUPValue
                0x20000f74        0x4 ./Middlewares/Third_Party/FreeRTOS/Source/portable/GCC/ARM_CM4F/port.o
 .bss.ucHeap    0x20000f78     0x3c00 ./Middlewares/Third_Party/FreeRTOS/Source/portable/MemMang/heap_4.o
 .bss.xStart    0x20004b78        0x8 ./Middlewares/Third_Party/FreeRTOS/Source/portable/MemMang/heap_4.o
 .bss.pxEnd     0x20004b80        0x4 ./Middlewares/Third_Party/FreeRTOS/Source/portable/MemMang/heap_4.o
 .bss.xFreeBytesRemaining
                0x20004b84        0x4 ./Middlewares/Third_Party/FreeRTOS/Source/portable/MemMang/heap_4.o
 .bss.xMinimumEverFreeBytesRemaining
                0x20004b88        0x4 ./Middlewares/Third_Party/FreeRTOS/Source/portable/MemMang/heap_4.o
 .bss.xNumberOfSuccessfulAllocations
                0x20004b8c        0x4 ./Middlewares/Third_Party/FreeRTOS/Source/portable/MemMang/heap_4.o
 .bss.xNumberOfSuccessfulFrees
                0x20004b90        0x4 ./Middlewares/Third_Party/FreeRTOS/Source/portable/MemMang/heap_4.o
 .bss.xBlockAllocatedBit
                0x20004b94        0x4 ./Middlewares/Third_Party/FreeRTOS/Source/portable/MemMang/heap_4.o
 .bss.__sf      0x20004b98      0x138 C:/ST/STM32CubeIDE_1.19.0/STM32CubeIDE/plugins/com.st.stm32cube.ide.mcu.externaltools.gnu-tools-for-stm32.13.3.rel1.win32_1.0.0.202411081344/tools/bin/../lib/gcc/arm-none-eabi/13.3.1/../../../../arm-none-eabi/lib/thumb/v7e-m+fp/hard\libc_nano.a(libc_a-findfp.o)
                0x20004b98                __sf
 .bss.__stdio_exit_handler
                0x20004cd0        0x4 C:/ST/STM32CubeIDE_1.19.0/STM32CubeIDE/plugins/com.st.stm32cube.ide.mcu.externaltools.gnu-tools-for-stm32.13.3.rel1.win32_1.0.0.202411081344/tools/bin/../lib/gcc/arm-none-eabi/13.3.1/../../../../arm-none-eabi/lib/thumb/v7e-m+fp/hard\libc_nano.a(libc_a-findfp.o)
                0x20004cd0                __stdio_exit_handler
 .bss.errno     0x20004cd4        0x4 C:/ST/STM32CubeIDE_1.19.0/STM32CubeIDE/plugins/com.st.stm32cube.ide.mcu.externaltools.gnu-tools-for-stm32.13.3.rel1.win32_1.0.0.202411081344/tools/bin/../lib/gcc/arm-none-eabi/13.3.1/../../../../arm-none-eabi/lib/thumb/v7e-m+fp/hard\libc_nano.a(libc_a-reent.o)
                0x20004cd4                errno
 .bss.__lock___malloc_recursive_mutex
                0x20004cd8        0x1 C:/ST/STM32CubeIDE_1.19.0/STM32CubeIDE/plugins/com.st.stm32cube.ide.mcu.externaltools.gnu-tools-for-stm32.13.3.rel1.win32_1.0.0.202411081344/tools/bin/../lib/gcc/arm-none-eabi/13.3.1/../../../../arm-none-eabi/lib/thumb/v7e-m+fp/hard\libc_nano.a(libc_a-lock.o)
                0x20004cd8                __lock___malloc_recursive_mutex
 .bss.__lock___sfp_recursive_mutex
                0x20004cd9        0x1 C:/ST/STM32CubeIDE_1.19.0/STM32CubeIDE/plugins/com.st.stm32cube.ide.mcu.externaltools.gnu-tools-for-stm32.13.3.rel1.win32_1.0.0.202411081344/tools/bin/../lib/gcc/arm-none-eabi/13.3.1/../../../../arm-none-eabi/lib/thumb/v7e-m+fp/hard\libc_nano.a(libc_a-lock.o)
                0x20004cd9                __lock___sfp_recursive_mutex
 *fill*         0x20004cda        0x2 
 .bss.__malloc_sbrk_start
                0x20004cdc        0x4 C:/ST/STM32CubeIDE_1.19.0/STM32CubeIDE/plugins/com.st.stm32cube.ide.mcu.externaltools.gnu-tools-for-stm32.13.3.rel1.win32_1.0.0.202411081344/tools/bin/../lib/gcc/arm-none-eabi/13.3.1/../../../../arm-none-eabi/lib/thumb/v7e-m+fp/hard\libc_nano.a(libc_a-mallocr.o)
                0x20004cdc                __malloc_sbrk_start
 .bss.__malloc_free_list
                0x20004ce0        0x4 C:/ST/STM32CubeIDE_1.19.0/STM32CubeIDE/plugins/com.st.stm32cube.ide.mcu.externaltools.gnu-tools-for-stm32.13.3.rel1.win32_1.0.0.202411081344/tools/bin/../lib/gcc/arm-none-eabi/13.3.1/../../../../arm-none-eabi/lib/thumb/v7e-m+fp/hard\libc_nano.a(libc_a-mallocr.o)
                0x20004ce0                __malloc_free_list
 *(COMMON)
                0x20004ce4                        . = ALIGN (0x4)
                0x20004ce4                        _ebss = .
                0x20004ce4                        __bss_end__ = _ebss

._user_heap_stack
                0x20004ce4      0x604 load address 0x0800a7b4
                0x20004ce8                        . = ALIGN (0x8)
 *fill*         0x20004ce4        0x4 
                [!provide]                        PROVIDE (end = .)
                0x20004ce8                        PROVIDE (_end = .)
                0x20004ee8                        . = (. + _Min_Heap_Size)
 *fill*         0x20004ce8      0x200 
                0x200052e8                        . = (. + _Min_Stack_Size)
 *fill*         0x20004ee8      0x400 
                0x200052e8                        . = ALIGN (0x8)

/DISCARD/
 libc.a(*)
 libm.a(*)
 libgcc.a(*)

.ARM.attributes
                0x00000000       0x30
 *(.ARM.attributes)
 .ARM.attributes
                0x00000000       0x22 C:/ST/STM32CubeIDE_1.19.0/STM32CubeIDE/plugins/com.st.stm32cube.ide.mcu.externaltools.gnu-tools-for-stm32.13.3.rel1.win32_1.0.0.202411081344/tools/bin/../lib/gcc/arm-none-eabi/13.3.1/thumb/v7e-m+fp/hard/crti.o
 .ARM.attributes
                0x00000022       0x34 C:/ST/STM32CubeIDE_1.19.0/STM32CubeIDE/plugins/com.st.stm32cube.ide.mcu.externaltools.gnu-tools-for-stm32.13.3.rel1.win32_1.0.0.202411081344/tools/bin/../lib/gcc/arm-none-eabi/13.3.1/thumb/v7e-m+fp/hard/crtbegin.o
 .ARM.attributes
                0x00000056       0x34 ./Core/Src/CAN_task.o
 .ARM.attributes
                0x0000008a       0x34 ./Core/Src/UART_task.o
 .ARM.attributes
                0x000000be       0x34 ./Core/Src/eeprom_25lc256.o
 .ARM.attributes
                0x000000f2       0x34 ./Core/Src/main.o
 .ARM.attributes
                0x00000126       0x34 ./Core/Src/pmic_mp5475.o
 .ARM.attributes
                0x0000015a       0x34 ./Core/Src/stm32f4xx_hal_msp.o
 .ARM.attributes
                0x0000018e       0x34 ./Core/Src/stm32f4xx_it.o
 .ARM.attributes
                0x000001c2       0x34 ./Core/Src/syscalls.o
 .ARM.attributes
                0x000001f6       0x34 ./Core/Src/sysmem.o
 .ARM.attributes
                0x0000022a       0x34 ./Core/Src/system_stm32f4xx.o
 .ARM.attributes
                0x0000025e       0x21 ./Core/Startup/startup_stm32f446retx.o
 .ARM.attributes
                0x0000027f       0x34 ./Drivers/STM32F4xx_HAL_Driver/Src/stm32f4xx_hal.o
 .ARM.attributes
                0x000002b3       0x34 ./Drivers/STM32F4xx_HAL_Driver/Src/stm32f4xx_hal_can.o
 .ARM.attributes
                0x000002e7       0x34 ./Drivers/STM32F4xx_HAL_Driver/Src/stm32f4xx_hal_cortex.o
 .ARM.attributes
                0x0000031b       0x34 ./Drivers/STM32F4xx_HAL_Driver/Src/stm32f4xx_hal_dma.o
 .ARM.attributes
                0x0000034f       0x34 ./Drivers/STM32F4xx_HAL_Driver/Src/stm32f4xx_hal_gpio.o
 .ARM.attributes
                0x00000383       0x34 ./Drivers/STM32F4xx_HAL_Driver/Src/stm32f4xx_hal_i2c.o
 .ARM.attributes
                0x000003b7       0x34 ./Drivers/STM32F4xx_HAL_Driver/Src/stm32f4xx_hal_rcc.o
 .ARM.attributes
                0x000003eb       0x34 ./Drivers/STM32F4xx_HAL_Driver/Src/stm32f4xx_hal_rcc_ex.o
 .ARM.attributes
                0x0000041f       0x34 ./Drivers/STM32F4xx_HAL_Driver/Src/stm32f4xx_hal_spi.o
 .ARM.attributes
                0x00000453       0x34 ./Drivers/STM32F4xx_HAL_Driver/Src/stm32f4xx_hal_uart.o
 .ARM.attributes
                0x00000487       0x34 ./Middlewares/Third_Party/FreeRTOS/Source/CMSIS_RTOS_V2/cmsis_os2.o
 .ARM.attributes