../Core/Src/eeprom_25lc256.c:14:20:eeprom_cs_select	8	static
../Core/Src/eeprom_25lc256.c:15:20:eeprom_cs_deselect	8	static
../Core/Src/eeprom_25lc256.c:18:16:eeprom_read_status	16	static
../Core/Src/eeprom_25lc256.c:31:13:eeprom_wait_until_ready	8	static
../Core/Src/eeprom_25lc256.c:38:13:eeprom_write_enable	16	static
../Core/Src/eeprom_25lc256.c:46:13:eeprom_write_bytes	24	static
../Core/Src/eeprom_25lc256.c:76:13:eeprom_read_bytes	24	static
../Core/Src/eeprom_25lc256.c:92:6:EEPROM_WriteDTC	8	static
../Core/Src/eeprom_25lc256.c:97:6:EEPROM_ReadDTC	8	static
../Core/Src/eeprom_25lc256.c:102:6:EEPROM_LogNewDTC	40	static
../Core/Src/eeprom_25lc256.c:142:9:EEPROM_ReadAllDTCs	40	static
../Core/Src/eeprom_25lc256.c:164:6:EEPROM_ClearAllDTCs	24	static
